Archive member included to satisfy reference by file (symbol)

E:/STM32CubeIDE_1.16.0/STM32CubeIDE/plugins/com.st.stm32cube.ide.mcu.externaltools.gnu-tools-for-stm32.12.3.rel1.win32_1.0.200.202406191623/tools/bin/../lib/gcc/arm-none-eabi/12.3.1/../../../../arm-none-eabi/lib/thumb/v7e-m+fp/hard\libc_nano.a(libc_a-exit.o)
                              E:/STM32CubeIDE_1.16.0/STM32CubeIDE/plugins/com.st.stm32cube.ide.mcu.externaltools.gnu-tools-for-stm32.12.3.rel1.win32_1.0.200.202406191623/tools/bin/../lib/gcc/arm-none-eabi/12.3.1/../../../../arm-none-eabi/lib/thumb/v7e-m+fp/hard/crt0.o (exit)
E:/STM32CubeIDE_1.16.0/STM32CubeIDE/plugins/com.st.stm32cube.ide.mcu.externaltools.gnu-tools-for-stm32.12.3.rel1.win32_1.0.200.202406191623/tools/bin/../lib/gcc/arm-none-eabi/12.3.1/../../../../arm-none-eabi/lib/thumb/v7e-m+fp/hard\libc_nano.a(libc_a-findfp.o)
                              E:/STM32CubeIDE_1.16.0/STM32CubeIDE/plugins/com.st.stm32cube.ide.mcu.externaltools.gnu-tools-for-stm32.12.3.rel1.win32_1.0.200.202406191623/tools/bin/../lib/gcc/arm-none-eabi/12.3.1/../../../../arm-none-eabi/lib/thumb/v7e-m+fp/hard\libc_nano.a(libc_a-exit.o) (__stdio_exit_handler)
E:/STM32CubeIDE_1.16.0/STM32CubeIDE/plugins/com.st.stm32cube.ide.mcu.externaltools.gnu-tools-for-stm32.12.3.rel1.win32_1.0.200.202406191623/tools/bin/../lib/gcc/arm-none-eabi/12.3.1/../../../../arm-none-eabi/lib/thumb/v7e-m+fp/hard\libc_nano.a(libc_a-fwalk.o)
                              E:/STM32CubeIDE_1.16.0/STM32CubeIDE/plugins/com.st.stm32cube.ide.mcu.externaltools.gnu-tools-for-stm32.12.3.rel1.win32_1.0.200.202406191623/tools/bin/../lib/gcc/arm-none-eabi/12.3.1/../../../../arm-none-eabi/lib/thumb/v7e-m+fp/hard\libc_nano.a(libc_a-findfp.o) (_fwalk_sglue)
E:/STM32CubeIDE_1.16.0/STM32CubeIDE/plugins/com.st.stm32cube.ide.mcu.externaltools.gnu-tools-for-stm32.12.3.rel1.win32_1.0.200.202406191623/tools/bin/../lib/gcc/arm-none-eabi/12.3.1/../../../../arm-none-eabi/lib/thumb/v7e-m+fp/hard\libc_nano.a(libc_a-printf.o)
                              ./Core/Src/main.o (printf)
E:/STM32CubeIDE_1.16.0/STM32CubeIDE/plugins/com.st.stm32cube.ide.mcu.externaltools.gnu-tools-for-stm32.12.3.rel1.win32_1.0.200.202406191623/tools/bin/../lib/gcc/arm-none-eabi/12.3.1/../../../../arm-none-eabi/lib/thumb/v7e-m+fp/hard\libc_nano.a(libc_a-puts.o)
                              ./Core/Src/main.o (puts)
E:/STM32CubeIDE_1.16.0/STM32CubeIDE/plugins/com.st.stm32cube.ide.mcu.externaltools.gnu-tools-for-stm32.12.3.rel1.win32_1.0.200.202406191623/tools/bin/../lib/gcc/arm-none-eabi/12.3.1/../../../../arm-none-eabi/lib/thumb/v7e-m+fp/hard\libc_nano.a(libc_a-setbuf.o)
                              ./Core/Src/main.o (setbuf)
E:/STM32CubeIDE_1.16.0/STM32CubeIDE/plugins/com.st.stm32cube.ide.mcu.externaltools.gnu-tools-for-stm32.12.3.rel1.win32_1.0.200.202406191623/tools/bin/../lib/gcc/arm-none-eabi/12.3.1/../../../../arm-none-eabi/lib/thumb/v7e-m+fp/hard\libc_nano.a(libc_a-setvbuf.o)
                              E:/STM32CubeIDE_1.16.0/STM32CubeIDE/plugins/com.st.stm32cube.ide.mcu.externaltools.gnu-tools-for-stm32.12.3.rel1.win32_1.0.200.202406191623/tools/bin/../lib/gcc/arm-none-eabi/12.3.1/../../../../arm-none-eabi/lib/thumb/v7e-m+fp/hard\libc_nano.a(libc_a-setbuf.o) (setvbuf)
E:/STM32CubeIDE_1.16.0/STM32CubeIDE/plugins/com.st.stm32cube.ide.mcu.externaltools.gnu-tools-for-stm32.12.3.rel1.win32_1.0.200.202406191623/tools/bin/../lib/gcc/arm-none-eabi/12.3.1/../../../../arm-none-eabi/lib/thumb/v7e-m+fp/hard\libc_nano.a(libc_a-stdio.o)
                              E:/STM32CubeIDE_1.16.0/STM32CubeIDE/plugins/com.st.stm32cube.ide.mcu.externaltools.gnu-tools-for-stm32.12.3.rel1.win32_1.0.200.202406191623/tools/bin/../lib/gcc/arm-none-eabi/12.3.1/../../../../arm-none-eabi/lib/thumb/v7e-m+fp/hard\libc_nano.a(libc_a-findfp.o) (__sread)
E:/STM32CubeIDE_1.16.0/STM32CubeIDE/plugins/com.st.stm32cube.ide.mcu.externaltools.gnu-tools-for-stm32.12.3.rel1.win32_1.0.200.202406191623/tools/bin/../lib/gcc/arm-none-eabi/12.3.1/../../../../arm-none-eabi/lib/thumb/v7e-m+fp/hard\libc_nano.a(libc_a-wbuf.o)
                              E:/STM32CubeIDE_1.16.0/STM32CubeIDE/plugins/com.st.stm32cube.ide.mcu.externaltools.gnu-tools-for-stm32.12.3.rel1.win32_1.0.200.202406191623/tools/bin/../lib/gcc/arm-none-eabi/12.3.1/../../../../arm-none-eabi/lib/thumb/v7e-m+fp/hard\libc_nano.a(libc_a-puts.o) (__swbuf_r)
E:/STM32CubeIDE_1.16.0/STM32CubeIDE/plugins/com.st.stm32cube.ide.mcu.externaltools.gnu-tools-for-stm32.12.3.rel1.win32_1.0.200.202406191623/tools/bin/../lib/gcc/arm-none-eabi/12.3.1/../../../../arm-none-eabi/lib/thumb/v7e-m+fp/hard\libc_nano.a(libc_a-wsetup.o)
                              E:/STM32CubeIDE_1.16.0/STM32CubeIDE/plugins/com.st.stm32cube.ide.mcu.externaltools.gnu-tools-for-stm32.12.3.rel1.win32_1.0.200.202406191623/tools/bin/../lib/gcc/arm-none-eabi/12.3.1/../../../../arm-none-eabi/lib/thumb/v7e-m+fp/hard\libc_nano.a(libc_a-puts.o) (__swsetup_r)
[...]
Memory Configuration

Name             Origin             Length             Attributes
RAM              0x20000000         0x00050000         xrw
FLASH            0x08000000         0x00100000         xr
*default*        0x00000000         0xffffffff

Linker script and memory map

LOAD E:/STM32CubeIDE_1.16.0/STM32CubeIDE/plugins/com.st.stm32cube.ide.mcu.externaltools.gnu-tools-for-stm32.12.3.rel1.win32_1.0.200.202406191623/tools/bin/../lib/gcc/arm-none-eabi/12.3.1/thumb/v7e-m+fp/hard/crti.o
LOAD E:/STM32CubeIDE_1.16.0/STM32CubeIDE/plugins/com.st.stm32cube.ide.mcu.externaltools.gnu-tools-for-stm32.12.3.rel1.win32_1.0.200.202406191623/tools/bin/../lib/gcc/arm-none-eabi/12.3.1/thumb/v7e-m+fp/hard/crtbegin.o
LOAD E:/STM32CubeIDE_1.16.0/STM32CubeIDE/plugins/com.st.stm32cube.ide.mcu.externaltools.gnu-tools-for-stm32.12.3.rel1.win32_1.0.200.202406191623/tools/bin/../lib/gcc/arm-none-eabi/12.3.1/../../../../arm-none-eabi/lib/thumb/v7e-m+fp/hard/crt0.o
LOAD ./Core/Src/NonBlockFunctions.o
LOAD ./Core/Src/gpio.o
LOAD ./Core/Src/i2c.o
LOAD ./Core/Src/main.o
LOAD ./Core/Src/spi.o
LOAD ./Core/Src/stm32f7xx_hal_msp.o
LOAD ./Core/Src/stm32f7xx_it.o
LOAD ./Core/Src/syscalls.o
LOAD ./Core/Src/sysmem.o
LOAD ./Core/Src/system_stm32f7xx.o
LOAD ./Core/Src/tim.o
LOAD ./Core/Src/usart.o
LOAD ./Core/Src/w5500/W5500/w5500.o
LOAD ./Core/Src/w5500/socket.o
LOAD ./Core/Src/w5500/w5500_spi.o
LOAD ./Core/Src/w5500/wizchip_conf.o
LOAD ./Core/Startup/startup_stm32f746zgtx.o
LOAD ./Drivers/STM32F7xx_HAL_Driver/Src/stm32f7xx_hal.o
LOAD ./Drivers/STM32F7xx_HAL_Driver/Src/stm32f7xx_hal_cortex.o
LOAD ./Drivers/STM32F7xx_HAL_Driver/Src/stm32f7xx_hal_dma.o
LOAD ./Drivers/STM32F7xx_HAL_Driver/Src/stm32f7xx_hal_dma_ex.o
LOAD ./Drivers/STM32F7xx_HAL_Driver/Src/stm32f7xx_hal_exti.o
LOAD ./Drivers/STM32F7xx_HAL_Driver/Src/stm32f7xx_hal_flash.o
LOAD ./Drivers/STM32F7xx_HAL_Driver/Src/stm32f7xx_hal_flash_ex.o
LOAD ./Drivers/STM32F7xx_HAL_Driver/Src/stm32f7xx_hal_gpio.o
LOAD ./Drivers/STM32F7xx_HAL_Driver/Src/stm32f7xx_hal_i2c.o
LOAD ./Drivers/STM32F7xx_HAL_Driver/Src/stm32f7xx_hal_i2c_ex.o
LOAD ./Drivers/STM32F7xx_HAL_Driver/Src/stm32f7xx_hal_pwr.o
LOAD ./Drivers/STM32F7xx_HAL_Driver/Src/stm32f7xx_hal_pwr_ex.o
LOAD ./Drivers/STM32F7xx_HAL_Driver/Src/stm32f7xx_hal_rcc.o
LOAD ./Drivers/STM32F7xx_HAL_Driver/Src/stm32f7xx_hal_rcc_ex.o
LOAD ./Drivers/STM32F7xx_HAL_Driver/Src/stm32f7xx_hal_spi.o
LOAD ./Drivers/STM32F7xx_HAL_Driver/Src/stm32f7xx_hal_spi_ex.o
LOAD ./Drivers/STM32F7xx_HAL_Driver/Src/stm32f7xx_hal_tim.o
LOAD ./Drivers/STM32F7xx_HAL_Driver/Src/stm32f7xx_hal_tim_ex.o
LOAD ./Drivers/STM32F7xx_HAL_Driver/Src/stm32f7xx_hal_uart.o
LOAD ./Drivers/STM32F7xx_HAL_Driver/Src/stm32f7xx_hal_uart_ex.o
START GROUP
LOAD E:/STM32CubeIDE_1.16.0/STM32CubeIDE/plugins/com.st.stm32cube.ide.mcu.externaltools.gnu-tools-for-stm32.12.3.rel1.win32_1.0.200.202406191623/tools/bin/../lib/gcc/arm-none-eabi/12.3.1/../../../../arm-none-eabi/lib/thumb/v7e-m+fp/hard\libc_nano.a
LOAD E:/STM32CubeIDE_1.16.0/STM32CubeIDE/plugins/com.st.stm32cube.ide.mcu.externaltools.gnu-tools-for-stm32.12.3.rel1.win32_1.0.200.202406191623/tools/bin/../lib/gcc/arm-none-eabi/12.3.1/../../../../arm-none-eabi/lib/thumb/v7e-m+fp/hard\libm.a
END GROUP
START GROUP
LOAD E:/STM32CubeIDE_1.16.0/STM32CubeIDE/plugins/com.st.stm32cube.ide.mcu.externaltools.gnu-tools-for-stm32.12.3.rel1.win32_1.0.200.202406191623/tools/bin/../lib/gcc/arm-none-eabi/12.3.1/thumb/v7e-m+fp/hard\libgcc.a
LOAD E:/STM32CubeIDE_1.16.0/STM32CubeIDE/plugins/com.st.stm32cube.ide.mcu.externaltools.gnu-tools-for-stm32.12.3.rel1.win32_1.0.200.202406191623/tools/bin/../lib/gcc/arm-none-eabi/12.3.1/../../../../arm-none-eabi/lib/thumb/v7e-m+fp/hard\libc_nano.a
END GROUP
START GROUP
LOAD E:/STM32CubeIDE_1.16.0/STM32CubeIDE/plugins/com.st.stm32cube.ide.mcu.externaltools.gnu-tools-for-stm32.12.3.rel1.win32_1.0.200.202406191623/tools/bin/../lib/gcc/arm-none-eabi/12.3.1/thumb/v7e-m+fp/hard\libgcc.a
LOAD E:/STM32CubeIDE_1.16.0/STM32CubeIDE/plugins/com.st.stm32cube.ide.mcu.externaltools.gnu-tools-for-stm32.12.3.rel1.win32_1.0.200.202406191623/tools/bin/../lib/gcc/arm-none-eabi/12.3.1/../../../../arm-none-eabi/lib/thumb/v7e-m+fp/hard\libc_nano.a
LOAD E:/STM32CubeIDE_1.16.0/STM32CubeIDE/plugins/com.st.stm32cube.ide.mcu.externaltools.gnu-tools-for-stm32.12.3.rel1.win32_1.0.200.202406191623/tools/bin/../lib/gcc/arm-none-eabi/12.3.1/../../../../arm-none-eabi/lib/thumb/v7e-m+fp/hard\libnosys.a
END GROUP
START GROUP
LOAD E:/STM32CubeIDE_1.16.0/STM32CubeIDE/plugins/com.st.stm32cube.ide.mcu.externaltools.gnu-tools-for-stm32.12.3.rel1.win32_1.0.200.202406191623/tools/bin/../lib/gcc/arm-none-eabi/12.3.1/thumb/v7e-m+fp/hard\libgcc.a
LOAD E:/STM32CubeIDE_1.16.0/STM32CubeIDE/plugins/com.st.stm32cube.ide.mcu.externaltools.gnu-tools-for-stm32.12.3.rel1.win32_1.0.200.202406191623/tools/bin/../lib/gcc/arm-none-eabi/12.3.1/../../../../arm-none-eabi/lib/thumb/v7e-m+fp/hard\libc_nano.a
LOAD E:/STM32CubeIDE_1.16.0/STM32CubeIDE/plugins/com.st.stm32cube.ide.mcu.externaltools.gnu-tools-for-stm32.12.3.rel1.win32_1.0.200.202406191623/tools/bin/../lib/gcc/arm-none-eabi/12.3.1/../../../../arm-none-eabi/lib/thumb/v7e-m+fp/hard\libnosys.a
END GROUP
LOAD E:/STM32CubeIDE_1.16.0/STM32CubeIDE/plugins/com.st.stm32cube.ide.mcu.externaltools.gnu-tools-for-stm32.12.3.rel1.win32_1.0.200.202406191623/tools/bin/../lib/gcc/arm-none-eabi/12.3.1/thumb/v7e-m+fp/hard/crtend.o
LOAD E:/STM32CubeIDE_1.16.0/STM32CubeIDE/plugins/com.st.stm32cube.ide.mcu.externaltools.gnu-tools-for-stm32.12.3.rel1.win32_1.0.200.202406191623/tools/bin/../lib/gcc/arm-none-eabi/12.3.1/thumb/v7e-m+fp/hard/crtn.o
                0x20050000                        _estack = (ORIGIN (RAM) + LENGTH (RAM))
                0x00000200                        _Min_Heap_Size = 0x200
                0x00000400                        _Min_Stack_Size = 0x400

.isr_vector     0x08000000      0x1c8
                0x08000000                        . = ALIGN (0x4)
 *(.isr_vector)
 .isr_vector    0x08000000      0x1c8 ./Core/Startup/startup_stm32f746zgtx.o
                0x08000000                g_pfnVectors
                0x080001c8                        . = ALIGN (0x4)

.text           0x080001d0     0x6b38
                0x080001d0                        . = ALIGN (0x4)
 *(.text)
 .text          0x080001d0       0x40 E:/STM32CubeIDE_1.16.0/STM32CubeIDE/plugins/com.st.stm32cube.ide.mcu.externaltools.gnu-tools-for-stm32.12.3.rel1.win32_1.0.200.202406191623/tools/bin/../lib/gcc/arm-none-eabi/12.3.1/thumb/v7e-m+fp/hard/crtbegin.o
 .text          0x08000210       0xa0 E:/STM32CubeIDE_1.16.0/STM32CubeIDE/plugins/com.st.stm32cube.ide.mcu.externaltools.gnu-tools-for-stm32.12.3.rel1.win32_1.0.200.202406191623/tools/bin/../lib/gcc/arm-none-eabi/12.3.1/../../../../arm-none-eabi/lib/thumb/v7e-m+fp/hard\libc_nano.a(libc_a-memchr.o)
                0x08000210                memchr
 .text          0x080002b0       0x30 E:/STM32CubeIDE_1.16.0/STM32CubeIDE/plugins/com.st.stm32cube.ide.mcu.externaltools.gnu-tools-for-stm32.12.3.rel1.win32_1.0.200.202406191623/tools/bin/../lib/gcc/arm-none-eabi/12.3.1/thumb/v7e-m+fp/hard\libgcc.a(_aeabi_uldivmod.o)
                0x080002b0                __aeabi_uldivmod
 .text          0x080002e0      0x2bc E:/STM32CubeIDE_1.16.0/STM32CubeIDE/plugins/com.st.stm32cube.ide.mcu.externaltools.gnu-tools-for-stm32.12.3.rel1.win32_1.0.200.202406191623/tools/bin/../lib/gcc/arm-none-eabi/12.3.1/thumb/v7e-m+fp/hard\libgcc.a(_udivmoddi4.o)
                0x080002e0                __udivmoddi4
 .text          0x0800059c        0x4 E:/STM32CubeIDE_1.16.0/STM32CubeIDE/plugins/com.st.stm32cube.ide.mcu.externaltools.gnu-tools-for-stm32.12.3.rel1.win32_1.0.200.202406191623/tools/bin/../lib/gcc/arm-none-eabi/12.3.1/thumb/v7e-m+fp/hard\libgcc.a(_dvmd_tls.o)
                0x0800059c                __aeabi_idiv0
                0x0800059c                __aeabi_ldiv0
 *(.text*)
 .text.MX_GPIO_Init
                0x080005a0      0x12c ./Core/Src/gpio.o
                0x080005a0                MX_GPIO_Init
 .text.MX_I2C2_Init
                0x080006cc       0x80 ./Core/Src/i2c.o
                0x080006cc                MX_I2C2_Init
 .text.HAL_I2C_MspInit
                0x0800074c       0xbc ./Core/Src/i2c.o
                0x0800074c                HAL_I2C_MspInit
 .text.main     0x08000808      0x32c ./Core/Src/main.o
                0x08000808                main
 .text.SystemClock_Config
                0x08000b34       0xd0 ./Core/Src/main.o
                0x08000b34                SystemClock_Config
 .text.UWriteData
                0x08000c04       0x34 ./Core/Src/main.o
 .text.__io_putchar
                0x08000c38       0x1c ./Core/Src/main.o
                0x08000c38                __io_putchar
 .text.PHYStatusCheck
                0x08000c54       0x4c ./Core/Src/main.o
 .text.PrintPHYConf
                0x08000ca0       0x88 ./Core/Src/main.o
 .text.HAL_TIM_PeriodElapsedCallback
                0x08000d28       0x28 ./Core/Src/main.o
                0x08000d28                HAL_TIM_PeriodElapsedCallback
 .text.Error_Handler
                0x08000d50        0xc ./Core/Src/main.o
                0x08000d50                Error_Handler
 .text.MX_SPI1_Init
                0x08000d5c       0x7c ./Core/Src/spi.o
                0x08000d5c                MX_SPI1_Init
 .text.HAL_SPI_MspInit
                0x08000dd8       0x88 ./Core/Src/spi.o
                0x08000dd8                HAL_SPI_MspInit
 .text.HAL_MspInit
                0x08000e60       0x48 ./Core/Src/stm32f7xx_hal_msp.o
                0x08000e60                HAL_MspInit
 .text.NMI_Handler
                0x08000ea8        0x8 ./Core/Src/stm32f7xx_it.o
                0x08000ea8                NMI_Handler
 .text.HardFault_Handler
                0x08000eb0        0x8 ./Core/Src/stm32f7xx_it.o
                0x08000eb0                HardFault_Handler
 .text.MemManage_Handler
                0x08000eb8        0x8 ./Core/Src/stm32f7xx_it.o
                0x08000eb8                MemManage_Handler
 .text.BusFault_Handler
                0x08000ec0        0x8 ./Core/Src/stm32f7xx_it.o
                0x08000ec0                BusFault_Handler
 .text.UsageFault_Handler
                0x08000ec8        0x8 ./Core/Src/stm32f7xx_it.o
                0x08000ec8                UsageFault_Handler
 .text.SVC_Handler
                0x08000ed0        0xe ./Core/Src/stm32f7xx_it.o
                0x08000ed0                SVC_Handler
 .text.DebugMon_Handler
                0x08000ede        0xe ./Core/Src/stm32f7xx_it.o
                0x08000ede                DebugMon_Handler
 .text.PendSV_Handler
                0x08000eec        0xe ./Core/Src/stm32f7xx_it.o
                0x08000eec                PendSV_Handler
 .text.SysTick_Handler
                0x08000efa        0xc ./Core/Src/stm32f7xx_it.o
                0x08000efa                SysTick_Handler
 *fill*         0x08000f06        0x2 
 .text.TIM2_IRQHandler
                0x08000f08       0x14 ./Core/Src/stm32f7xx_it.o
                0x08000f08                TIM2_IRQHandler
 .text._read    0x08000f1c       0x3a ./Core/Src/syscalls.o
                0x08000f1c                _read
 .text._write   0x08000f56       0x38 ./Core/Src/syscalls.o
                0x08000f56                _write
 .text._close   0x08000f8e       0x18 ./Core/Src/syscalls.o
                0x08000f8e                _close
 .text._fstat   0x08000fa6       0x20 ./Core/Src/syscalls.o
                0x08000fa6                _fstat
 .text._isatty  0x08000fc6       0x16 ./Core/Src/syscalls.o
                0x08000fc6                _isatty
 .text._lseek   0x08000fdc       0x1a ./Core/Src/syscalls.o
                0x08000fdc                _lseek
 *fill*         0x08000ff6        0x2 
 .text._sbrk    0x08000ff8       0x6c ./Core/Src/sysmem.o
                0x08000ff8                _sbrk
 .text.SystemInit
                0x08001064       0x24 ./Core/Src/system_stm32f7xx.o
                0x08001064                SystemInit
 .text.MX_TIM2_Init
                0x08001088       0x9c ./Core/Src/tim.o
                0x08001088                MX_TIM2_Init
 .text.HAL_TIM_Base_MspInit
                0x08001124       0x48 ./Core/Src/tim.o
                0x08001124                HAL_TIM_Base_MspInit
 .text.MX_USART2_UART_Init
                0x0800116c       0x60 ./Core/Src/usart.o
                0x0800116c                MX_USART2_UART_Init
 .text.HAL_UART_MspInit
                0x080011cc       0xbc ./Core/Src/usart.o
                0x080011cc                HAL_UART_MspInit
 .text.WIZCHIP_READ
                0x08001288       0x98 ./Core/Src/w5500/W5500/w5500.o
                0x08001288                WIZCHIP_READ
 .text.WIZCHIP_WRITE
                0x08001320       0x9c ./Core/Src/w5500/W5500/w5500.o
                0x08001320                WIZCHIP_WRITE
 .text.WIZCHIP_READ_BUF
                0x080013bc       0xc0 ./Core/Src/w5500/W5500/w5500.o
                0x080013bc                WIZCHIP_READ_BUF
 .text.WIZCHIP_WRITE_BUF
                0x0800147c       0xc0 ./Core/Src/w5500/W5500/w5500.o
                0x0800147c                WIZCHIP_WRITE_BUF
 .text.getSn_TX_FSR
                0x0800153c       0x92 ./Core/Src/w5500/W5500/w5500.o
                0x0800153c                getSn_TX_FSR
 .text.getSn_RX_RSR
                0x080015ce       0x92 ./Core/Src/w5500/W5500/w5500.o
                0x080015ce                getSn_RX_RSR
 .text.wiz_send_data
                0x08001660       0xb4 ./Core/Src/w5500/W5500/w5500.o
                0x08001660                wiz_send_data
 .text.wiz_recv_data
                0x08001714       0xb4 ./Core/Src/w5500/W5500/w5500.o
                0x08001714                wiz_recv_data
 .text.socket   0x080017c8      0x228 ./Core/Src/w5500/socket.o
                0x080017c8                socket
 .text.close    0x080019f0       0xdc ./Core/Src/w5500/socket.o
                0x080019f0                close
 .text.connect  0x08001acc      0x1b8 ./Core/Src/w5500/socket.o
                0x08001acc                connect
 .text.disconnect
                0x08001c84       0xec ./Core/Src/w5500/socket.o
                0x08001c84                disconnect
 .text.send     0x08001d70      0x1f0 ./Core/Src/w5500/socket.o
                0x08001d70                send
 .text.recv     0x08001f60      0x168 ./Core/Src/w5500/socket.o
                0x08001f60                recv
 .text.SPIReadWrite
                0x080020c8       0x50 ./Core/Src/w5500/w5500_spi.o
                0x080020c8                SPIReadWrite
 .text.wizchip_select
                0x08002118       0x18 ./Core/Src/w5500/w5500_spi.o
                0x08002118                wizchip_select
 .text.wizchip_deselect
                0x08002130       0x18 ./Core/Src/w5500/w5500_spi.o
                0x08002130                wizchip_deselect
 .text.wizchip_read
                0x08002148       0x1a ./Core/Src/w5500/w5500_spi.o
                0x08002148                wizchip_read
 .text.wizchip_write
                0x08002162       0x1a ./Core/Src/w5500/w5500_spi.o
                0x08002162                wizchip_write
 .text.wizchip_readburst
                0x0800217c       0x3e ./Core/Src/w5500/w5500_spi.o
                0x0800217c                wizchip_readburst
 .text.wizchip_writeburst
                0x080021ba       0x3a ./Core/Src/w5500/w5500_spi.o
                0x080021ba                wizchip_writeburst
 .text.W5500Init
                0x080021f4       0xb0 ./Core/Src/w5500/w5500_spi.o
                0x080021f4                W5500Init
 .text.wizchip_cris_enter
                0x080022a4        0xe ./Core/Src/w5500/wizchip_conf.o
                0x080022a4                wizchip_cris_enter
 .text.wizchip_cris_exit
                0x080022b2        0xe ./Core/Src/w5500/wizchip_conf.o
                0x080022b2                wizchip_cris_exit
 .text.wizchip_cs_select
                0x080022c0        0xe ./Core/Src/w5500/wizchip_conf.o
                0x080022c0                wizchip_cs_select
 .text.wizchip_cs_deselect
                0x080022ce        0xe ./Core/Src/w5500/wizchip_conf.o
                0x080022ce                wizchip_cs_deselect
 .text.wizchip_bus_readdata
                0x080022dc       0x1a ./Core/Src/w5500/wizchip_conf.o
                0x080022dc                wizchip_bus_readdata
 .text.wizchip_bus_writedata
                0x080022f6       0x1e ./Core/Src/w5500/wizchip_conf.o
                0x080022f6                wizchip_bus_writedata
 .text.wizchip_spi_readbyte
                0x08002314       0x10 ./Core/Src/w5500/wizchip_conf.o
                0x08002314                wizchip_spi_readbyte
 .text.wizchip_spi_writebyte
                0x08002324       0x16 ./Core/Src/w5500/wizchip_conf.o
                0x08002324                wizchip_spi_writebyte
 .text.wizchip_spi_readburst
                0x0800233a       0x18 ./Core/Src/w5500/wizchip_conf.o
                0x0800233a                wizchip_spi_readburst
 .text.wizchip_spi_writeburst
                0x08002352       0x18 ./Core/Src/w5500/wizchip_conf.o
                0x08002352                wizchip_spi_writeburst
 *fill*         0x0800236a        0x2 
 .text.reg_wizchip_cs_cbfunc
                0x0800236c       0x4c ./Core/Src/w5500/wizchip_conf.o
                0x0800236c                reg_wizchip_cs_cbfunc
 .text.reg_wizchip_spi_cbfunc
                0x080023b8       0x58 ./Core/Src/w5500/wizchip_conf.o
                0x080023b8                reg_wizchip_spi_cbfunc
 .text.reg_wizchip_spiburst_cbfunc
                0x08002410       0x58 ./Core/Src/w5500/wizchip_conf.o
                0x08002410                reg_wizchip_spiburst_cbfunc
 .text.ctlwizchip
                0x08002468      0x1c0 ./Core/Src/w5500/wizchip_conf.o
                0x08002468                ctlwizchip
 .text.ctlnetwork
                0x08002628       0x7c ./Core/Src/w5500/wizchip_conf.o
                0x08002628                ctlnetwork
 .text.wizchip_sw_reset
                0x080026a4       0x98 ./Core/Src/w5500/wizchip_conf.o
                0x080026a4                wizchip_sw_reset
 .text.wizchip_init
                0x0800273c      0x118 ./Core/Src/w5500/wizchip_conf.o
                0x0800273c                wizchip_init
 .text.wizchip_clrinterrupt
                0x08002854       0x68 ./Core/Src/w5500/wizchip_conf.o
                0x08002854                wizchip_clrinterrupt
 .text.wizchip_getinterrupt
                0x080028bc       0x4a ./Core/Src/w5500/wizchip_conf.o
                0x080028bc                wizchip_getinterrupt
 .text.wizchip_setinterruptmask
                0x08002906       0x36 ./Core/Src/w5500/wizchip_conf.o
                0x08002906                wizchip_setinterruptmask
 .text.wizchip_getinterruptmask
                0x0800293c       0x46 ./Core/Src/w5500/wizchip_conf.o
                0x0800293c                wizchip_getinterruptmask
 .text.wizphy_getphylink
                0x08002982       0x2c ./Core/Src/w5500/wizchip_conf.o
                0x08002982                wizphy_getphylink
 .text.wizphy_getphypmode
                0x080029ae       0x32 ./Core/Src/w5500/wizchip_conf.o
                0x080029ae                wizphy_getphypmode
 .text.wizphy_reset
                0x080029e0       0x4e ./Core/Src/w5500/wizchip_conf.o
                0x080029e0                wizphy_reset
 .text.wizphy_setphyconf
                0x08002a2e       0x84 ./Core/Src/w5500/wizchip_conf.o
                0x08002a2e                wizphy_setphyconf
 *fill*         0x08002ab2        0x2 
 .text.wizphy_getphyconf
                0x08002ab4       0xd4 ./Core/Src/w5500/wizchip_conf.o
                0x08002ab4                wizphy_getphyconf
 .text.wizphy_setphypmode
                0x08002b88       0x94 ./Core/Src/w5500/wizchip_conf.o
                0x08002b88                wizphy_setphypmode
 .text.wizchip_setnetinfo
                0x08002c1c       0x80 ./Core/Src/w5500/wizchip_conf.o
                0x08002c1c                wizchip_setnetinfo
 .text.wizchip_getnetinfo
                0x08002c9c       0x80 ./Core/Src/w5500/wizchip_conf.o
                0x08002c9c                wizchip_getnetinfo
 .text.wizchip_setnetmode
                0x08002d1c       0x44 ./Core/Src/w5500/wizchip_conf.o
                0x08002d1c                wizchip_setnetmode
 .text.wizchip_getnetmode
                0x08002d60       0x10 ./Core/Src/w5500/wizchip_conf.o
                0x08002d60                wizchip_getnetmode
 .text.wizchip_settimeout
                0x08002d70       0x42 ./Core/Src/w5500/wizchip_conf.o
                0x08002d70                wizchip_settimeout
 .text.wizchip_gettimeout
                0x08002db2       0x40 ./Core/Src/w5500/wizchip_conf.o
                0x08002db2                wizchip_gettimeout
 *fill*         0x08002df2        0x2 
 .text.Reset_Handler
                0x08002df4       0x50 ./Core/Startup/startup_stm32f746zgtx.o
                0x08002df4                Reset_Handler
 .text.Default_Handler
                0x08002e44        0x2 ./Core/Startup/startup_stm32f746zgtx.o
                0x08002e44                RTC_Alarm_IRQHandler
                0x08002e44                EXTI2_IRQHandler
                0x08002e44                TIM8_CC_IRQHandler
                0x08002e44                UART8_IRQHandler
                0x08002e44                SPI4_IRQHandler
                0x08002e44                TIM1_CC_IRQHandler
                0x08002e44                DMA2_Stream5_IRQHandler
                0x08002e44                DMA1_Stream5_IRQHandler
                0x08002e44                PVD_IRQHandler
                0x08002e44                TAMP_STAMP_IRQHandler
                0x08002e44                CAN2_RX1_IRQHandler
                0x08002e44                EXTI3_IRQHandler
                0x08002e44                TIM8_TRG_COM_TIM14_IRQHandler
                0x08002e44                TIM1_UP_TIM10_IRQHandler
                0x08002e44                TIM8_UP_TIM13_IRQHandler
                0x08002e44                I2C3_ER_IRQHandler
                0x08002e44                EXTI0_IRQHandler
                0x08002e44                I2C2_EV_IRQHandler
                0x08002e44                DMA1_Stream2_IRQHandler
                0x08002e44                CAN1_RX0_IRQHandler
                0x08002e44                FPU_IRQHandler
                0x08002e44                OTG_HS_WKUP_IRQHandler
                0x08002e44                LTDC_ER_IRQHandler
                0x08002e44                CAN2_SCE_IRQHandler
                0x08002e44                DMA2_Stream2_IRQHandler
                0x08002e44                SPI1_IRQHandler
                0x08002e44                TIM6_DAC_IRQHandler
                0x08002e44                TIM1_BRK_TIM9_IRQHandler
                0x08002e44                DCMI_IRQHandler
                0x08002e44                CAN2_RX0_IRQHandler
                0x08002e44                DMA2_Stream3_IRQHandler
                0x08002e44                SAI2_IRQHandler
                0x08002e44                USART6_IRQHandler
                0x08002e44                USART3_IRQHandler
                0x08002e44                CAN1_RX1_IRQHandler
                0x08002e44                UART5_IRQHandler
                0x08002e44                DMA2_Stream0_IRQHandler
                0x08002e44                TIM4_IRQHandler
                0x08002e44                QUADSPI_IRQHandler
                0x08002e44                I2C1_EV_IRQHandler
                0x08002e44                DMA1_Stream6_IRQHandler
                0x08002e44                DMA1_Stream1_IRQHandler
                0x08002e44                UART4_IRQHandler
                0x08002e44                TIM3_IRQHandler
                0x08002e44                RCC_IRQHandler
                0x08002e44                TIM8_BRK_TIM12_IRQHandler
                0x08002e44                Default_Handler
                0x08002e44                CEC_IRQHandler
                0x08002e44                EXTI15_10_IRQHandler
                0x08002e44                ADC_IRQHandler
                0x08002e44                DMA1_Stream7_IRQHandler
                0x08002e44                SPI5_IRQHandler
                0x08002e44                TIM7_IRQHandler
                0x08002e44                SDMMC1_IRQHandler
                0x08002e44                CAN2_TX_IRQHandler
                0x08002e44                TIM5_IRQHandler
                0x08002e44                DMA2_Stream7_IRQHandler
                0x08002e44                I2C3_EV_IRQHandler
                0x08002e44                EXTI9_5_IRQHandler
                0x08002e44                RTC_WKUP_IRQHandler
                0x08002e44                LTDC_IRQHandler
                0x08002e44                ETH_WKUP_IRQHandler
                0x08002e44                SPDIF_RX_IRQHandler
                0x08002e44                SPI2_IRQHandler
                0x08002e44                OTG_HS_EP1_IN_IRQHandler
                0x08002e44                DMA1_Stream0_IRQHandler
                0x08002e44                CAN1_TX_IRQHandler
                0x08002e44                EXTI4_IRQHandler
                0x08002e44                RNG_IRQHandler
                0x08002e44                ETH_IRQHandler
                0x08002e44                OTG_HS_EP1_OUT_IRQHandler
                0x08002e44                WWDG_IRQHandler
                0x08002e44                SPI6_IRQHandler
                0x08002e44                I2C4_EV_IRQHandler
                0x08002e44                OTG_FS_WKUP_IRQHandler
                0x08002e44                TIM1_TRG_COM_TIM11_IRQHandler
                0x08002e44                OTG_HS_IRQHandler
                0x08002e44                DMA2D_IRQHandler
                0x08002e44                EXTI1_IRQHandler
                0x08002e44                UART7_IRQHandler
                0x08002e44                USART2_IRQHandler
                0x08002e44                I2C2_ER_IRQHandler
                0x08002e44                DMA2_Stream1_IRQHandler
                0x08002e44                CAN1_SCE_IRQHandler
                0x08002e44                FLASH_IRQHandler
                0x08002e44                DMA2_Stream4_IRQHandler
                0x08002e44                USART1_IRQHandler
                0x08002e44                OTG_FS_IRQHandler
                0x08002e44                SPI3_IRQHandler
                0x08002e44                DMA1_Stream4_IRQHandler
                0x08002e44                I2C1_ER_IRQHandler
                0x08002e44                FMC_IRQHandler
                0x08002e44                LPTIM1_IRQHandler
                0x08002e44                I2C4_ER_IRQHandler
                0x08002e44                DMA2_Stream6_IRQHandler
                0x08002e44                SAI1_IRQHandler
                0x08002e44                DMA1_Stream3_IRQHandler
 .text.HAL_Init
                0x08002e46       0x1a ./Drivers/STM32F7xx_HAL_Driver/Src/stm32f7xx_hal.o
                0x08002e46                HAL_Init
 .text.HAL_InitTick
                0x08002e60       0x60 ./Drivers/STM32F7xx_HAL_Driver/Src/stm32f7xx_hal.o
                0x08002e60                HAL_InitTick
 .text.HAL_IncTick
                0x08002ec0       0x28 ./Drivers/STM32F7xx_HAL_Driver/Src/stm32f7xx_hal.o
                0x08002ec0                HAL_IncTick
 .text.HAL_GetTick
                0x08002ee8       0x18 ./Drivers/STM32F7xx_HAL_Driver/Src/stm32f7xx_hal.o
                0x08002ee8                HAL_GetTick
 .text.HAL_Delay
                0x08002f00       0x48 ./Drivers/STM32F7xx_HAL_Driver/Src/stm32f7xx_hal.o
                0x08002f00                HAL_Delay
 .text.__NVIC_SetPriorityGrouping
                0x08002f48       0x48 ./Drivers/STM32F7xx_HAL_Driver/Src/stm32f7xx_hal_cortex.o
 .text.__NVIC_GetPriorityGrouping
                0x08002f90       0x1c ./Drivers/STM32F7xx_HAL_Driver/Src/stm32f7xx_hal_cortex.o
 .text.__NVIC_EnableIRQ
                0x08002fac       0x3c ./Drivers/STM32F7xx_HAL_Driver/Src/stm32f7xx_hal_cortex.o
 .text.__NVIC_SetPriority
                0x08002fe8       0x54 ./Drivers/STM32F7xx_HAL_Driver/Src/stm32f7xx_hal_cortex.o
 .text.NVIC_EncodePriority
                0x0800303c       0x66 ./Drivers/STM32F7xx_HAL_Driver/Src/stm32f7xx_hal_cortex.o
 *fill*         0x080030a2        0x2 
 .text.SysTick_Config
                0x080030a4       0x44 ./Drivers/STM32F7xx_HAL_Driver/Src/stm32f7xx_hal_cortex.o
 .text.HAL_NVIC_SetPriorityGrouping
                0x080030e8       0x16 ./Drivers/STM32F7xx_HAL_Driver/Src/stm32f7xx_hal_cortex.o
                0x080030e8                HAL_NVIC_SetPriorityGrouping
 .text.HAL_NVIC_SetPriority
                0x080030fe       0x38 ./Drivers/STM32F7xx_HAL_Driver/Src/stm32f7xx_hal_cortex.o
                0x080030fe                HAL_NVIC_SetPriority
 .text.HAL_NVIC_EnableIRQ
                0x08003136       0x1c ./Drivers/STM32F7xx_HAL_Driver/Src/stm32f7xx_hal_cortex.o
                0x08003136                HAL_NVIC_EnableIRQ
 .text.HAL_SYSTICK_Config
                0x08003152       0x18 ./Drivers/STM32F7xx_HAL_Driver/Src/stm32f7xx_hal_cortex.o
                0x08003152                HAL_SYSTICK_Config
 *fill*         0x0800316a        0x2 
 .text.HAL_GPIO_Init
                0x0800316c      0x358 ./Drivers/STM32F7xx_HAL_Driver/Src/stm32f7xx_hal_gpio.o
                0x0800316c                HAL_GPIO_Init
 .text.HAL_GPIO_WritePin
                0x080034c4       0x32 ./Drivers/STM32F7xx_HAL_Driver/Src/stm32f7xx_hal_gpio.o
                0x080034c4                HAL_GPIO_WritePin
 .text.HAL_GPIO_TogglePin
                0x080034f6       0x34 ./Drivers/STM32F7xx_HAL_Driver/Src/stm32f7xx_hal_gpio.o
                0x080034f6                HAL_GPIO_TogglePin
 *fill*         0x0800352a        0x2 
 .text.HAL_I2C_Init
                0x0800352c      0x138 ./Drivers/STM32F7xx_HAL_Driver/Src/stm32f7xx_hal_i2c.o
                0x0800352c                HAL_I2C_Init
 .text.HAL_I2CEx_ConfigAnalogFilter
                0x08003664       0x96 ./Drivers/STM32F7xx_HAL_Driver/Src/stm32f7xx_hal_i2c_ex.o
                0x08003664                HAL_I2CEx_ConfigAnalogFilter
 .text.HAL_I2CEx_ConfigDigitalFilter
                0x080036fa       0x98 ./Drivers/STM32F7xx_HAL_Driver/Src/stm32f7xx_hal_i2c_ex.o
                0x080036fa                HAL_I2CEx_ConfigDigitalFilter
 *fill*         0x08003792        0x2 
 .text.HAL_RCC_OscConfig
                0x08003794      0x548 ./Drivers/STM32F7xx_HAL_Driver/Src/stm32f7xx_hal_rcc.o
                0x08003794                HAL_RCC_OscConfig
 .text.HAL_RCC_ClockConfig
                0x08003cdc      0x1d8 ./Drivers/STM32F7xx_HAL_Driver/Src/stm32f7xx_hal_rcc.o
                0x08003cdc                HAL_RCC_ClockConfig
 .text.HAL_RCC_GetSysClockFreq
                0x08003eb4      0x18c ./Drivers/STM32F7xx_HAL_Driver/Src/stm32f7xx_hal_rcc.o
                0x08003eb4                HAL_RCC_GetSysClockFreq
 .text.HAL_RCC_GetHCLKFreq
                0x08004040       0x18 ./Drivers/STM32F7xx_HAL_Driver/Src/stm32f7xx_hal_rcc.o
                0x08004040                HAL_RCC_GetHCLKFreq
 .text.HAL_RCC_GetPCLK1Freq
                0x08004058       0x28 ./Drivers/STM32F7xx_HAL_Driver/Src/stm32f7xx_hal_rcc.o
                0x08004058                HAL_RCC_GetPCLK1Freq
 .text.HAL_RCC_GetPCLK2Freq
                0x08004080       0x28 ./Drivers/STM32F7xx_HAL_Driver/Src/stm32f7xx_hal_rcc.o
                0x08004080                HAL_RCC_GetPCLK2Freq
 .text.HAL_RCCEx_PeriphCLKConfig
                0x080040a8      0x7e0 ./Drivers/STM32F7xx_HAL_Driver/Src/stm32f7xx_hal_rcc_ex.o
                0x080040a8                HAL_RCCEx_PeriphCLKConfig
 .text.HAL_SPI_Init
                0x08004888      0x156 ./Drivers/STM32F7xx_HAL_Driver/Src/stm32f7xx_hal_spi.o
                0x08004888                HAL_SPI_Init
 .text.HAL_TIM_Base_Init
                0x080049de       0xae ./Drivers/STM32F7xx_HAL_Driver/Src/stm32f7xx_hal_tim.o
                0x080049de                HAL_TIM_Base_Init
 .text.HAL_TIM_Base_Start_IT
                0x08004a8c       0xf0 ./Drivers/STM32F7xx_HAL_Driver/Src/stm32f7xx_hal_tim.o
                0x08004a8c                HAL_TIM_Base_Start_IT
 .text.HAL_TIM_IRQHandler
                0x08004b7c      0x20e ./Drivers/STM32F7xx_HAL_Driver/Src/stm32f7xx_hal_tim.o
                0x08004b7c                HAL_TIM_IRQHandler
 *fill*         0x08004d8a        0x2 
 .text.HAL_TIM_ConfigClockSource
                0x08004d8c      0x194 ./Drivers/STM32F7xx_HAL_Driver/Src/stm32f7xx_hal_tim.o
                0x08004d8c                HAL_TIM_ConfigClockSource
 .text.HAL_TIM_OC_DelayElapsedCallback
                0x08004f20       0x14 ./Drivers/STM32F7xx_HAL_Driver/Src/stm32f7xx_hal_tim.o
                0x08004f20                HAL_TIM_OC_DelayElapsedCallback
 .text.HAL_TIM_IC_CaptureCallback
                0x08004f34       0x14 ./Drivers/STM32F7xx_HAL_Driver/Src/stm32f7xx_hal_tim.o
                0x08004f34                HAL_TIM_IC_CaptureCallback
 .text.HAL_TIM_PWM_PulseFinishedCallback
                0x08004f48       0x14 ./Drivers/STM32F7xx_HAL_Driver/Src/stm32f7xx_hal_tim.o
                0x08004f48                HAL_TIM_PWM_PulseFinishedCallback
 .text.HAL_TIM_TriggerCallback
                0x08004f5c       0x14 ./Drivers/STM32F7xx_HAL_Driver/Src/stm32f7xx_hal_tim.o
                0x08004f5c                HAL_TIM_TriggerCallback
 .text.TIM_Base_SetConfig
                0x08004f70      0x158 ./Drivers/STM32F7xx_HAL_Driver/Src/stm32f7xx_hal_tim.o
                0x08004f70                TIM_Base_SetConfig
 .text.TIM_TI1_ConfigInputStage
                0x080050c8       0x5e ./Drivers/STM32F7xx_HAL_Driver/Src/stm32f7xx_hal_tim.o
 .text.TIM_TI2_ConfigInputStage
                0x08005126       0x60 ./Drivers/STM32F7xx_HAL_Driver/Src/stm32f7xx_hal_tim.o
 .text.TIM_ITRx_SetConfig
                0x08005186       0x36 ./Drivers/STM32F7xx_HAL_Driver/Src/stm32f7xx_hal_tim.o
 .text.TIM_ETR_SetConfig
                0x080051bc       0x40 ./Drivers/STM32F7xx_HAL_Driver/Src/stm32f7xx_hal_tim.o
                0x080051bc                TIM_ETR_SetConfig
 .text.HAL_TIMEx_MasterConfigSynchronization
                0x080051fc      0x11c ./Drivers/STM32F7xx_HAL_Driver/Src/stm32f7xx_hal_tim_ex.o
                0x080051fc                HAL_TIMEx_MasterConfigSynchronization
 .text.HAL_TIMEx_CommutCallback
                0x08005318       0x14 ./Drivers/STM32F7xx_HAL_Driver/Src/stm32f7xx_hal_tim_ex.o
                0x08005318                HAL_TIMEx_CommutCallback
 .text.HAL_TIMEx_BreakCallback
                0x0800532c       0x14 ./Drivers/STM32F7xx_HAL_Driver/Src/stm32f7xx_hal_tim_ex.o
                0x0800532c                HAL_TIMEx_BreakCallback
 .text.HAL_TIMEx_Break2Callback
                0x08005340       0x14 ./Drivers/STM32F7xx_HAL_Driver/Src/stm32f7xx_hal_tim_ex.o
                0x08005340                HAL_TIMEx_Break2Callback
 .text.HAL_UART_Init
                0x08005354       0x9c ./Drivers/STM32F7xx_HAL_Driver/Src/stm32f7xx_hal_uart.o
                0x08005354                HAL_UART_Init
 .text.UART_SetConfig
                0x080053f0      0x4c8 ./Drivers/STM32F7xx_HAL_Driver/Src/stm32f7xx_hal_uart.o
                0x080053f0                UART_SetConfig
 .text.UART_AdvFeatureConfig
                0x080058b8      0x144 ./Drivers/STM32F7xx_HAL_Driver/Src/stm32f7xx_hal_uart.o
                0x080058b8                UART_AdvFeatureConfig
 .text.UART_CheckIdleState
                0x080059fc       0xae ./Drivers/STM32F7xx_HAL_Driver/Src/stm32f7xx_hal_uart.o
                0x080059fc                UART_CheckIdleState
 .text.UART_WaitOnFlagUntilTimeout
                0x08005aaa       0xda ./Drivers/STM32F7xx_HAL_Driver/Src/stm32f7xx_hal_uart.o
                0x08005aaa                UART_WaitOnFlagUntilTimeout
 .text.UART_EndRxTransfer
                0x08005b84       0xc8 ./Drivers/STM32F7xx_HAL_Driver/Src/stm32f7xx_hal_uart.o
 .text.std      0x08005c4c       0x6c E:/STM32CubeIDE_1.16.0/STM32CubeIDE/plugins/com.st.stm32cube.ide.mcu.externaltools.gnu-tools-for-stm32.12.3.rel1.win32_1.0.200.202406191623/tools/bin/../lib/gcc/arm-none-eabi/12.3.1/../../../../arm-none-eabi/lib/thumb/v7e-m+fp/hard\libc_nano.a(libc_a-findfp.o)
 .text.stdio_exit_handler
                0x08005cb8       0x18 E:/STM32CubeIDE_1.16.0/STM32CubeIDE/plugins/com.st.stm32cube.ide.mcu.externaltools.gnu-tools-for-stm32.12.3.rel1.win32_1.0.200.202406191623/tools/bin/../lib/gcc/arm-none-eabi/12.3.1/../../../../arm-none-eabi/lib/thumb/v7e-m+fp/hard\libc_nano.a(libc_a-findfp.o)
 .text.cleanup_stdio
                0x08005cd0       0x40 E:/STM32CubeIDE_1.16.0/STM32CubeIDE/plugins/com.st.stm32cube.ide.mcu.externaltools.gnu-tools-for-stm32.12.3.rel1.win32_1.0.200.202406191623/tools/bin/../lib/gcc/arm-none-eabi/12.3.1/../../../../arm-none-eabi/lib/thumb/v7e-m+fp/hard\libc_nano.a(libc_a-findfp.o)
 .text.global_stdio_init.part.0
                0x08005d10       0x3c E:/STM32CubeIDE_1.16.0/STM32CubeIDE/plugins/com.st.stm32cube.ide.mcu.externaltools.gnu-tools-for-stm32.12.3.rel1.win32_1.0.200.202406191623/tools/bin/../lib/gcc/arm-none-eabi/12.3.1/../../../../arm-none-eabi/lib/thumb/v7e-m+fp/hard\libc_nano.a(libc_a-findfp.o)
 .text.__sfp_lock_acquire
                0x08005d4c        0xc E:/STM32CubeIDE_1.16.0/STM32CubeIDE/plugins/com.st.stm32cube.ide.mcu.externaltools.gnu-tools-for-stm32.12.3.rel1.win32_1.0.200.202406191623/tools/bin/../lib/gcc/arm-none-eabi/12.3.1/../../../../arm-none-eabi/lib/thumb/v7e-m+fp/hard\libc_nano.a(libc_a-findfp.o)
                0x08005d4c                __sfp_lock_acquire
 .text.__sfp_lock_release
                0x08005d58        0xc E:/STM32CubeIDE_1.16.0/STM32CubeIDE/plugins/com.st.stm32cube.ide.mcu.externaltools.gnu-tools-for-stm32.12.3.rel1.win32_1.0.200.202406191623/tools/bin/../lib/gcc/arm-none-eabi/12.3.1/../../../../arm-none-eabi/lib/thumb/v7e-m+fp/hard\libc_nano.a(libc_a-findfp.o)
                0x08005d58                __sfp_lock_release
 .text.__sinit  0x08005d64       0x30 E:/STM32CubeIDE_1.16.0/STM32CubeIDE/plugins/com.st.stm32cube.ide.mcu.externaltools.gnu-tools-for-stm32.12.3.rel1.win32_1.0.200.202406191623/tools/bin/../lib/gcc/arm-none-eabi/12.3.1/../../../../arm-none-eabi/lib/thumb/v7e-m+fp/hard\libc_nano.a(libc_a-findfp.o)
                0x08005d64                __sinit
 .text._fwalk_sglue
                0x08005d94       0x3c E:/STM32CubeIDE_1.16.0/STM32CubeIDE/plugins/com.st.stm32cube.ide.mcu.externaltools.gnu-tools-for-stm32.12.3.rel1.win32_1.0.200.202406191623/tools/bin/../lib/gcc/arm-none-eabi/12.3.1/../../../../arm-none-eabi/lib/thumb/v7e-m+fp/hard\libc_nano.a(libc_a-fwalk.o)
                0x08005d94                _fwalk_sglue
 .text.printf   0x08005dd0       0x24 E:/STM32CubeIDE_1.16.0/STM32CubeIDE/plugins/com.st.stm32cube.ide.mcu.externaltools.gnu-tools-for-stm32.12.3.rel1.win32_1.0.200.202406191623/tools/bin/../lib/gcc/arm-none-eabi/12.3.1/../../../../arm-none-eabi/lib/thumb/v7e-m+fp/hard\libc_nano.a(libc_a-printf.o)
                0x08005dd0                iprintf
                0x08005dd0                printf
 .text._puts_r  0x08005df4       0xaa E:/STM32CubeIDE_1.16.0/STM32CubeIDE/plugins/com.st.stm32cube.ide.mcu.externaltools.gnu-tools-for-stm32.12.3.rel1.win32_1.0.200.202406191623/tools/bin/../lib/gcc/arm-none-eabi/12.3.1/../../../../arm-none-eabi/lib/thumb/v7e-m+fp/hard\libc_nano.a(libc_a-puts.o)
                0x08005df4                _puts_r
 *fill*         0x08005e9e        0x2 
 .text.puts     0x08005ea0       0x10 E:/STM32CubeIDE_1.16.0/STM32CubeIDE/plugins/com.st.stm32cube.ide.mcu.externaltools.gnu-tools-for-stm32.12.3.rel1.win32_1.0.200.202406191623/tools/bin/../lib/gcc/arm-none-eabi/12.3.1/../../../../arm-none-eabi/lib/thumb/v7e-m+fp/hard\libc_nano.a(libc_a-puts.o)
                0x08005ea0                puts
 .text.setbuf   0x08005eb0       0x10 E:/STM32CubeIDE_1.16.0/STM32CubeIDE/plugins/com.st.stm32cube.ide.mcu.externaltools.gnu-tools-for-stm32.12.3.rel1.win32_1.0.200.202406191623/tools/bin/../lib/gcc/arm-none-eabi/12.3.1/../../../../arm-none-eabi/lib/thumb/v7e-m+fp/hard\libc_nano.a(libc_a-setbuf.o)
                0x08005eb0                setbuf
 .text.setvbuf  0x08005ec0      0x168 E:/STM32CubeIDE_1.16.0/STM32CubeIDE/plugins/com.st.stm32cube.ide.mcu.externaltools.gnu-tools-for-stm32.12.3.rel1.win32_1.0.200.202406191623/tools/bin/../lib/gcc/arm-none-eabi/12.3.1/../../../../arm-none-eabi/lib/thumb/v7e-m+fp/hard\libc_nano.a(libc_a-setvbuf.o)
                0x08005ec0                setvbuf
 .text.__sread  0x08006028       0x22 E:/STM32CubeIDE_1.16.0/STM32CubeIDE/plugins/com.st.stm32cube.ide.mcu.externaltools.gnu-tools-for-stm32.12.3.rel1.win32_1.0.200.202406191623/tools/bin/../lib/gcc/arm-none-eabi/12.3.1/../../../../arm-none-eabi/lib/thumb/v7e-m+fp/hard\libc_nano.a(libc_a-stdio.o)
                0x08006028                __sread
 .text.__swrite
                0x0800604a       0x38 E:/STM32CubeIDE_1.16.0/STM32CubeIDE/plugins/com.st.stm32cube.ide.mcu.externaltools.gnu-tools-for-stm32.12.3.rel1.win32_1.0.200.202406191623/tools/bin/../lib/gcc/arm-none-eabi/12.3.1/../../../../arm-none-eabi/lib/thumb/v7e-m+fp/hard\libc_nano.a(libc_a-stdio.o)
                0x0800604a                __swrite
 .text.__sseek  0x08006082       0x24 E:/STM32CubeIDE_1.16.0/STM32CubeIDE/plugins/com.st.stm32cube.ide.mcu.externaltools.gnu-tools-for-stm32.12.3.rel1.win32_1.0.200.202406191623/tools/bin/../lib/gcc/arm-none-eabi/12.3.1/../../../../arm-none-eabi/lib/thumb/v7e-m+fp/hard\libc_nano.a(libc_a-stdio.o)
                0x08006082                __sseek
 .text.__sclose
                0x080060a6        0x8 E:/STM32CubeIDE_1.16.0/STM32CubeIDE/plugins/com.st.stm32cube.ide.mcu.externaltools.gnu-tools-for-stm32.12.3.rel1.win32_1.0.200.202406191623/tools/bin/../lib/gcc/arm-none-eabi/12.3.1/../../../../arm-none-eabi/lib/thumb/v7e-m+fp/hard\libc_nano.a(libc_a-stdio.o)
                0x080060a6                __sclose
 .text.__swbuf_r
                0x080060ae       0x7c E:/STM32CubeIDE_1.16.0/STM32CubeIDE/plugins/com.st.stm32cube.ide.mcu.externaltools.gnu-tools-for-stm32.12.3.rel1.win32_1.0.200.202406191623/tools/bin/../lib/gcc/arm-none-eabi/12.3.1/../../../../arm-none-eabi/lib/thumb/v7e-m+fp/hard\libc_nano.a(libc_a-wbuf.o)
                0x080060ae                __swbuf_r
 *fill*         0x0800612a        0x2 
 .text.__swsetup_r
                0x0800612c       0xac E:/STM32CubeIDE_1.16.0/STM32CubeIDE/plugins/com.st.stm32cube.ide.mcu.externaltools.gnu-tools-for-stm32.12.3.rel1.win32_1.0.200.202406191623/tools/bin/../lib/gcc/arm-none-eabi/12.3.1/../../../../arm-none-eabi/lib/thumb/v7e-m+fp/hard\libc_nano.a(libc_a-wsetup.o)
                0x0800612c                __swsetup_r
 .text.memset   0x080061d8       0x10 E:/STM32CubeIDE_1.16.0/STM32CubeIDE/plugins/com.st.stm32cube.ide.mcu.externaltools.gnu-tools-for-stm32.12.3.rel1.win32_1.0.200.202406191623/tools/bin/../lib/gcc/arm-none-eabi/12.3.1/../../../../arm-none-eabi/lib/thumb/v7e-m+fp/hard\libc_nano.a(libc_a-memset.o)
                0x080061d8                memset
 .text._close_r
                0x080061e8       0x20 E:/STM32CubeIDE_1.16.0/STM32CubeIDE/plugins/com.st.stm32cube.ide.mcu.externaltools.gnu-tools-for-stm32.12.3.rel1.win32_1.0.200.202406191623/tools/bin/../lib/gcc/arm-none-eabi/12.3.1/../../../../arm-none-eabi/lib/thumb/v7e-m+fp/hard\libc_nano.a(libc_a-closer.o)
                0x080061e8                _close_r
 .text._lseek_r
                0x08006208       0x24 E:/STM32CubeIDE_1.16.0/STM32CubeIDE/plugins/com.st.stm32cube.ide.mcu.externaltools.gnu-tools-for-stm32.12.3.rel1.win32_1.0.200.202406191623/tools/bin/../lib/gcc/arm-none-eabi/12.3.1/../../../../arm-none-eabi/lib/thumb/v7e-m+fp/hard\libc_nano.a(libc_a-lseekr.o)
                0x08006208                _lseek_r
 .text._read_r  0x0800622c       0x24 E:/STM32CubeIDE_1.16.0/STM32CubeIDE/plugins/com.st.stm32cube.ide.mcu.externaltools.gnu-tools-for-stm32.12.3.rel1.win32_1.0.200.202406191623/tools/bin/../lib/gcc/arm-none-eabi/12.3.1/../../../../arm-none-eabi/lib/thumb/v7e-m+fp/hard\libc_nano.a(libc_a-readr.o)
                0x0800622c                _read_r
 .text._write_r
                0x08006250       0x24 E:/STM32CubeIDE_1.16.0/STM32CubeIDE/plugins/com.st.stm32cube.ide.mcu.externaltools.gnu-tools-for-stm32.12.3.rel1.win32_1.0.200.202406191623/tools/bin/../lib/gcc/arm-none-eabi/12.3.1/../../../../arm-none-eabi/lib/thumb/v7e-m+fp/hard\libc_nano.a(libc_a-writer.o)
                0x08006250                _write_r
 .text.__errno  0x08006274        0xc E:/STM32CubeIDE_1.16.0/STM32CubeIDE/plugins/com.st.stm32cube.ide.mcu.externaltools.gnu-tools-for-stm32.12.3.rel1.win32_1.0.200.202406191623/tools/bin/../lib/gcc/arm-none-eabi/12.3.1/../../../../arm-none-eabi/lib/thumb/v7e-m+fp/hard\libc_nano.a(libc_a-errno.o)
                0x08006274                __errno
 .text.__libc_init_array
                0x08006280       0x48 E:/STM32CubeIDE_1.16.0/STM32CubeIDE/plugins/com.st.stm32cube.ide.mcu.externaltools.gnu-tools-for-stm32.12.3.rel1.win32_1.0.200.202406191623/tools/bin/../lib/gcc/arm-none-eabi/12.3.1/../../../../arm-none-eabi/lib/thumb/v7e-m+fp/hard\libc_nano.a(libc_a-init.o)
                0x08006280                __libc_init_array
 .text.__retarget_lock_init_recursive
                0x080062c8        0x2 E:/STM32CubeIDE_1.16.0/STM32CubeIDE/plugins/com.st.stm32cube.ide.mcu.externaltools.gnu-tools-for-stm32.12.3.rel1.win32_1.0.200.202406191623/tools/bin/../lib/gcc/arm-none-eabi/12.3.1/../../../../arm-none-eabi/lib/thumb/v7e-m+fp/hard\libc_nano.a(libc_a-lock.o)
                0x080062c8                __retarget_lock_init_recursive
 .text.__retarget_lock_acquire_recursive
                0x080062ca        0x2 E:/STM32CubeIDE_1.16.0/STM32CubeIDE/plugins/com.st.stm32cube.ide.mcu.externaltools.gnu-tools-for-stm32.12.3.rel1.win32_1.0.200.202406191623/tools/bin/../lib/gcc/arm-none-eabi/12.3.1/../../../../arm-none-eabi/lib/thumb/v7e-m+fp/hard\libc_nano.a(libc_a-lock.o)
                0x080062ca                __retarget_lock_acquire_recursive
 .text.__retarget_lock_release_recursive
                0x080062cc        0x2 E:/STM32CubeIDE_1.16.0/STM32CubeIDE/plugins/com.st.stm32cube.ide.mcu.externaltools.gnu-tools-for-stm32.12.3.rel1.win32_1.0.200.202406191623/tools/bin/../lib/gcc/arm-none-eabi/12.3.1/../../../../arm-none-eabi/lib/thumb/v7e-m+fp/hard\libc_nano.a(libc_a-lock.o)
                0x080062cc                __retarget_lock_release_recursive
 *fill*         0x080062ce        0x2 
 .text._free_r  0x080062d0       0x94 E:/STM32CubeIDE_1.16.0/STM32CubeIDE/plugins/com.st.stm32cube.ide.mcu.externaltools.gnu-tools-for-stm32.12.3.rel1.win32_1.0.200.202406191623/tools/bin/../lib/gcc/arm-none-eabi/12.3.1/../../../../arm-none-eabi/lib/thumb/v7e-m+fp/hard\libc_nano.a(libc_a-freer.o)
                0x080062d0                _free_r
 .text.malloc   0x08006364       0x10 E:/STM32CubeIDE_1.16.0/STM32CubeIDE/plugins/com.st.stm32cube.ide.mcu.externaltools.gnu-tools-for-stm32.12.3.rel1.win32_1.0.200.202406191623/tools/bin/../lib/gcc/arm-none-eabi/12.3.1/../../../../arm-none-eabi/lib/thumb/v7e-m+fp/hard\libc_nano.a(libc_a-malloc.o)
                0x08006364                malloc
 .text.sbrk_aligned
                0x08006374       0x44 E:/STM32CubeIDE_1.16.0/STM32CubeIDE/plugins/com.st.stm32cube.ide.mcu.externaltools.gnu-tools-for-stm32.12.3.rel1.win32_1.0.200.202406191623/tools/bin/../lib/gcc/arm-none-eabi/12.3.1/../../../../arm-none-eabi/lib/thumb/v7e-m+fp/hard\libc_nano.a(libc_a-mallocr.o)
 .text._malloc_r
                0x080063b8      0x100 E:/STM32CubeIDE_1.16.0/STM32CubeIDE/plugins/com.st.stm32cube.ide.mcu.externaltools.gnu-tools-for-stm32.12.3.rel1.win32_1.0.200.202406191623/tools/bin/../lib/gcc/arm-none-eabi/12.3.1/../../../../arm-none-eabi/lib/thumb/v7e-m+fp/hard\libc_nano.a(libc_a-mallocr.o)
                0x080063b8                _malloc_r
 .text.__malloc_lock
                0x080064b8        0xc E:/STM32CubeIDE_1.16.0/STM32CubeIDE/plugins/com.st.stm32cube.ide.mcu.externaltools.gnu-tools-for-stm32.12.3.rel1.win32_1.0.200.202406191623/tools/bin/../lib/gcc/arm-none-eabi/12.3.1/../../../../arm-none-eabi/lib/thumb/v7e-m+fp/hard\libc_nano.a(libc_a-mlock.o)
                0x080064b8                __malloc_lock
 .text.__malloc_unlock
                0x080064c4        0xc E:/STM32CubeIDE_1.16.0/STM32CubeIDE/plugins/com.st.stm32cube.ide.mcu.externaltools.gnu-tools-for-stm32.12.3.rel1.win32_1.0.200.202406191623/tools/bin/../lib/gcc/arm-none-eabi/12.3.1/../../../../arm-none-eabi/lib/thumb/v7e-m+fp/hard\libc_nano.a(libc_a-mlock.o)
                0x080064c4                __malloc_unlock
 .text.__sfputc_r
                0x080064d0       0x2e E:/STM32CubeIDE_1.16.0/STM32CubeIDE/plugins/com.st.stm32cube.ide.mcu.externaltools.gnu-tools-for-stm32.12.3.rel1.win32_1.0.200.202406191623/tools/bin/../lib/gcc/arm-none-eabi/12.3.1/../../../../arm-none-eabi/lib/thumb/v7e-m+fp/hard\libc_nano.a(libc_a-nano-vfprintf.o)
 .text.__sfputs_r
                0x080064fe       0x24 E:/STM32CubeIDE_1.16.0/STM32CubeIDE/plugins/com.st.stm32cube.ide.mcu.externaltools.gnu-tools-for-stm32.12.3.rel1.win32_1.0.200.202406191623/tools/bin/../lib/gcc/arm-none-eabi/12.3.1/../../../../arm-none-eabi/lib/thumb/v7e-m+fp/hard\libc_nano.a(libc_a-nano-vfprintf.o)
                0x080064fe                __sfputs_r
 *fill*         0x08006522        0x2 
 .text._vfprintf_r
                0x08006524      0x230 E:/STM32CubeIDE_1.16.0/STM32CubeIDE/plugins/com.st.stm32cube.ide.mcu.externaltools.gnu-tools-for-stm32.12.3.rel1.win32_1.0.200.202406191623/tools/bin/../lib/gcc/arm-none-eabi/12.3.1/../../../../arm-none-eabi/lib/thumb/v7e-m+fp/hard\libc_nano.a(libc_a-nano-vfprintf.o)
                0x08006524                _vfprintf_r
                0x08006524                _vfiprintf_r
 .text._printf_common
                0x08006754       0xda E:/STM32CubeIDE_1.16.0/STM32CubeIDE/plugins/com.st.stm32cube.ide.mcu.externaltools.gnu-tools-for-stm32.12.3.rel1.win32_1.0.200.202406191623/tools/bin/../lib/gcc/arm-none-eabi/12.3.1/../../../../arm-none-eabi/lib/thumb/v7e-m+fp/hard\libc_nano.a(libc_a-nano-vfprintf_i.o)
                0x08006754                _printf_common
 *fill*         0x0800682e        0x2 
 .text._printf_i
                0x08006830      0x240 E:/STM32CubeIDE_1.16.0/STM32CubeIDE/plugins/com.st.stm32cube.ide.mcu.externaltools.gnu-tools-for-stm32.12.3.rel1.win32_1.0.200.202406191623/tools/bin/../lib/gcc/arm-none-eabi/12.3.1/../../../../arm-none-eabi/lib/thumb/v7e-m+fp/hard\libc_nano.a(libc_a-nano-vfprintf_i.o)
                0x08006830                _printf_i
 .text.__sflush_r
                0x08006a70      0x108 E:/STM32CubeIDE_1.16.0/STM32CubeIDE/plugins/com.st.stm32cube.ide.mcu.externaltools.gnu-tools-for-stm32.12.3.rel1.win32_1.0.200.202406191623/tools/bin/../lib/gcc/arm-none-eabi/12.3.1/../../../../arm-none-eabi/lib/thumb/v7e-m+fp/hard\libc_nano.a(libc_a-fflush.o)
                0x08006a70                __sflush_r
 .text._fflush_r
                0x08006b78       0x50 E:/STM32CubeIDE_1.16.0/STM32CubeIDE/plugins/com.st.stm32cube.ide.mcu.externaltools.gnu-tools-for-stm32.12.3.rel1.win32_1.0.200.202406191623/tools/bin/../lib/gcc/arm-none-eabi/12.3.1/../../../../arm-none-eabi/lib/thumb/v7e-m+fp/hard\libc_nano.a(libc_a-fflush.o)
                0x08006b78                _fflush_r
 .text.__swhatbuf_r
                0x08006bc8       0x4c E:/STM32CubeIDE_1.16.0/STM32CubeIDE/plugins/com.st.stm32cube.ide.mcu.externaltools.gnu-tools-for-stm32.12.3.rel1.win32_1.0.200.202406191623/tools/bin/../lib/gcc/arm-none-eabi/12.3.1/../../../../arm-none-eabi/lib/thumb/v7e-m+fp/hard\libc_nano.a(libc_a-makebuf.o)
                0x08006bc8                __swhatbuf_r
 .text.__smakebuf_r
                0x08006c14       0x78 E:/STM32CubeIDE_1.16.0/STM32CubeIDE/plugins/com.st.stm32cube.ide.mcu.externaltools.gnu-tools-for-stm32.12.3.rel1.win32_1.0.200.202406191623/tools/bin/../lib/gcc/arm-none-eabi/12.3.1/../../../../arm-none-eabi/lib/thumb/v7e-m+fp/hard\libc_nano.a(libc_a-makebuf.o)
                0x08006c14                __smakebuf_r
 .text._fstat_r
                0x08006c8c       0x24 E:/STM32CubeIDE_1.16.0/STM32CubeIDE/plugins/com.st.stm32cube.ide.mcu.externaltools.gnu-tools-for-stm32.12.3.rel1.win32_1.0.200.202406191623/tools/bin/../lib/gcc/arm-none-eabi/12.3.1/../../../../arm-none-eabi/lib/thumb/v7e-m+fp/hard\libc_nano.a(libc_a-fstatr.o)
                0x08006c8c                _fstat_r
 .text._isatty_r
                0x08006cb0       0x20 E:/STM32CubeIDE_1.16.0/STM32CubeIDE/plugins/com.st.stm32cube.ide.mcu.externaltools.gnu-tools-for-stm32.12.3.rel1.win32_1.0.200.202406191623/tools/bin/../lib/gcc/arm-none-eabi/12.3.1/../../../../arm-none-eabi/lib/thumb/v7e-m+fp/hard\libc_nano.a(libc_a-isattyr.o)
                0x08006cb0                _isatty_r
 .text._sbrk_r  0x08006cd0       0x20 E:/STM32CubeIDE_1.16.0/STM32CubeIDE/plugins/com.st.stm32cube.ide.mcu.externaltools.gnu-tools-for-stm32.12.3.rel1.win32_1.0.200.202406191623/tools/bin/../lib/gcc/arm-none-eabi/12.3.1/../../../../arm-none-eabi/lib/thumb/v7e-m+fp/hard\libc_nano.a(libc_a-sbrkr.o)
                0x08006cd0                _sbrk_r
 *(.glue_7)
 .glue_7        0x08006cf0        0x0 linker stubs
 *(.glue_7t)
 .glue_7t       0x08006cf0        0x0 linker stubs
 *(.eh_frame)
 .eh_frame      0x08006cf0        0x0 E:/STM32CubeIDE_1.16.0/STM32CubeIDE/plugins/com.st.stm32cube.ide.mcu.externaltools.gnu-tools-for-stm32.12.3.rel1.win32_1.0.200.202406191623/tools/bin/../lib/gcc/arm-none-eabi/12.3.1/thumb/v7e-m+fp/hard/crtbegin.o
 *(.init)
 .init          0x08006cf0        0x4 E:/STM32CubeIDE_1.16.0/STM32CubeIDE/plugins/com.st.stm32cube.ide.mcu.externaltools.gnu-tools-for-stm32.12.3.rel1.win32_1.0.200.202406191623/tools/bin/../lib/gcc/arm-none-eabi/12.3.1/thumb/v7e-m+fp/hard/crti.o
                0x08006cf0                _init
 .init          0x08006cf4        0x8 E:/STM32CubeIDE_1.16.0/STM32CubeIDE/plugins/com.st.stm32cube.ide.mcu.externaltools.gnu-tools-for-stm32.12.3.rel1.win32_1.0.200.202406191623/tools/bin/../lib/gcc/arm-none-eabi/12.3.1/thumb/v7e-m+fp/hard/crtn.o
 *(.fini)
 .fini          0x08006cfc        0x4 E:/STM32CubeIDE_1.16.0/STM32CubeIDE/plugins/com.st.stm32cube.ide.mcu.externaltools.gnu-tools-for-stm32.12.3.rel1.win32_1.0.200.202406191623/tools/bin/../lib/gcc/arm-none-eabi/12.3.1/thumb/v7e-m+fp/hard/crti.o
                0x08006cfc                _fini
 .fini          0x08006d00        0x8 E:/STM32CubeIDE_1.16.0/STM32CubeIDE/plugins/com.st.stm32cube.ide.mcu.externaltools.gnu-tools-for-stm32.12.3.rel1.win32_1.0.200.202406191623/tools/bin/../lib/gcc/arm-none-eabi/12.3.1/thumb/v7e-m+fp/hard/crtn.o
                0x08006d08                        . = ALIGN (0x4)
                0x08006d08                        _etext = .

.vfp11_veneer   0x08006d08        0x0
 .vfp11_veneer  0x08006d08        0x0 linker stubs

.v4_bx          0x08006d08        0x0
 .v4_bx         0x08006d08        0x0 linker stubs

.iplt           0x08006d08        0x0
 .iplt          0x08006d08        0x0 E:/STM32CubeIDE_1.16.0/STM32CubeIDE/plugins/com.st.stm32cube.ide.mcu.externaltools.gnu-tools-for-stm32.12.3.rel1.win32_1.0.200.202406191623/tools/bin/../lib/gcc/arm-none-eabi/12.3.1/thumb/v7e-m+fp/hard/crtbegin.o

.rodata         0x08006d08      0x45c
                0x08006d08                        . = ALIGN (0x4)
 *(.rodata)
 .rodata        0x08006d08      0x3b9 ./Core/Src/main.o
 *fill*         0x080070c1        0x3 
 .rodata        0x080070c4       0x54 ./Core/Src/w5500/w5500_spi.o
 *(.rodata*)
 .rodata.AHBPrescTable
                0x08007118       0x10 ./Core/Src/system_stm32f7xx.o
                0x08007118                AHBPrescTable
 .rodata.APBPrescTable
                0x08007128        0x8 ./Core/Src/system_stm32f7xx.o
                0x08007128                APBPrescTable
 .rodata._vfprintf_r.str1.1
                0x08007130       0x11 E:/STM32CubeIDE_1.16.0/STM32CubeIDE/plugins/com.st.stm32cube.ide.mcu.externaltools.gnu-tools-for-stm32.12.3.rel1.win32_1.0.200.202406191623/tools/bin/../lib/gcc/arm-none-eabi/12.3.1/../../../../arm-none-eabi/lib/thumb/v7e-m+fp/hard\libc_nano.a(libc_a-nano-vfprintf.o)
 .rodata._printf_i.str1.1
                0x08007141       0x22 E:/STM32CubeIDE_1.16.0/STM32CubeIDE/plugins/com.st.stm32cube.ide.mcu.externaltools.gnu-tools-for-stm32.12.3.rel1.win32_1.0.200.202406191623/tools/bin/../lib/gcc/arm-none-eabi/12.3.1/../../../../arm-none-eabi/lib/thumb/v7e-m+fp/hard\libc_nano.a(libc_a-nano-vfprintf_i.o)
                0x08007164                        . = ALIGN (0x4)
 *fill*         0x08007163        0x1 

.ARM.extab      0x08007164        0x0
                0x08007164                        . = ALIGN (0x4)
 *(.ARM.extab* .gnu.linkonce.armextab.*)
                0x08007164                        . = ALIGN (0x4)

.ARM            0x08007164        0x8
                0x08007164                        . = ALIGN (0x4)
                0x08007164                        __exidx_start = .
 *(.ARM.exidx*)
 .ARM.exidx     0x08007164        0x8 E:/STM32CubeIDE_1.16.0/STM32CubeIDE/plugins/com.st.stm32cube.ide.mcu.externaltools.gnu-tools-for-stm32.12.3.rel1.win32_1.0.200.202406191623/tools/bin/../lib/gcc/arm-none-eabi/12.3.1/../../../../arm-none-eabi/lib/thumb/v7e-m+fp/hard\libc_nano.a(libc_a-memchr.o)
 .ARM.exidx     0x0800716c        0x0 E:/STM32CubeIDE_1.16.0/STM32CubeIDE/plugins/com.st.stm32cube.ide.mcu.externaltools.gnu-tools-for-stm32.12.3.rel1.win32_1.0.200.202406191623/tools/bin/../lib/gcc/arm-none-eabi/12.3.1/thumb/v7e-m+fp/hard\libgcc.a(_udivmoddi4.o)
                                  0x8 (size before relaxing)
                0x0800716c                        __exidx_end = .
                0x0800716c                        . = ALIGN (0x4)

.rel.dyn        0x0800716c        0x0
 .rel.iplt      0x0800716c        0x0 E:/STM32CubeIDE_1.16.0/STM32CubeIDE/plugins/com.st.stm32cube.ide.mcu.externaltools.gnu-tools-for-stm32.12.3.rel1.win32_1.0.200.202406191623/tools/bin/../lib/gcc/arm-none-eabi/12.3.1/thumb/v7e-m+fp/hard/crtbegin.o

.preinit_array  0x0800716c        0x0
                0x0800716c                        . = ALIGN (0x4)
                0x0800716c                        PROVIDE (__preinit_array_start = .)
 *(.preinit_array*)
                0x0800716c                        PROVIDE (__preinit_array_end = .)
                0x0800716c                        . = ALIGN (0x4)

.init_array     0x0800716c        0x4
                0x0800716c                        . = ALIGN (0x4)
                0x0800716c                        PROVIDE (__init_array_start = .)
 *(SORT_BY_NAME(.init_array.*))
 *(.init_array*)
 .init_array    0x0800716c        0x4 E:/STM32CubeIDE_1.16.0/STM32CubeIDE/plugins/com.st.stm32cube.ide.mcu.externaltools.gnu-tools-for-stm32.12.3.rel1.win32_1.0.200.202406191623/tools/bin/../lib/gcc/arm-none-eabi/12.3.1/thumb/v7e-m+fp/hard/crtbegin.o
                0x08007170                        PROVIDE (__init_array_end = .)
                0x08007170                        . = ALIGN (0x4)

.fini_array     0x08007170        0x4
                0x08007170                        . = ALIGN (0x4)
                [!provide]                        PROVIDE (__fini_array_start = .)
 *(SORT_BY_NAME(.fini_array.*))
 *(.fini_array*)
 .fini_array    0x08007170        0x4 E:/STM32CubeIDE_1.16.0/STM32CubeIDE/plugins/com.st.stm32cube.ide.mcu.externaltools.gnu-tools-for-stm32.12.3.rel1.win32_1.0.200.202406191623/tools/bin/../lib/gcc/arm-none-eabi/12.3.1/thumb/v7e-m+fp/hard/crtbegin.o
                [!provide]                        PROVIDE (__fini_array_end = .)
                0x08007174                        . = ALIGN (0x4)
                0x08007174                        _sidata = LOADADDR (.data)

.data           0x20000000       0xb8 load address 0x08007174
                0x20000000                        . = ALIGN (0x4)
                0x20000000                        _sdata = .
 *(.data)
 *(.data*)
 .data.gWIZNETINFO
                0x20000000       0x17 ./Core/Src/main.o
                0x20000000                gWIZNETINFO
 *fill*         0x20000017        0x1 
 .data.destination_ip
                0x20000018        0x4 ./Core/Src/main.o
                0x20000018                destination_ip
 .data.destination_port
                0x2000001c        0x2 ./Core/Src/main.o
                0x2000001c                destination_port
 .data.sn       0x2000001e        0x1 ./Core/Src/main.o
                0x2000001e                sn
 .data.minha_porta_local
                0x2000001f        0x1 ./Core/Src/main.o
                0x2000001f                minha_porta_local
 .data.SystemCoreClock
                0x20000020        0x4 ./Core/Src/system_stm32f7xx.o
                0x20000020                SystemCoreClock
 .data.sock_any_port
                0x20000024        0x2 ./Core/Src/w5500/socket.o
 *fill*         0x20000026        0x2 
 .data.WIZCHIP  0x20000028       0x2c ./Core/Src/w5500/wizchip_conf.o
                0x20000028                WIZCHIP
 .data.uwTickPrio
                0x20000054        0x4 ./Drivers/STM32F7xx_HAL_Driver/Src/stm32f7xx_hal.o
                0x20000054                uwTickPrio
 .data.uwTickFreq
                0x20000058        0x1 ./Drivers/STM32F7xx_HAL_Driver/Src/stm32f7xx_hal.o
                0x20000058                uwTickFreq
 *fill*         0x20000059        0x3 
 .data.__sglue  0x2000005c        0xc E:/STM32CubeIDE_1.16.0/STM32CubeIDE/plugins/com.st.stm32cube.ide.mcu.externaltools.gnu-tools-for-stm32.12.3.rel1.win32_1.0.200.202406191623/tools/bin/../lib/gcc/arm-none-eabi/12.3.1/../../../../arm-none-eabi/lib/thumb/v7e-m+fp/hard\libc_nano.a(libc_a-findfp.o)
                0x2000005c                __sglue
 .data._impure_ptr
                0x20000068        0x4 E:/STM32CubeIDE_1.16.0/STM32CubeIDE/plugins/com.st.stm32cube.ide.mcu.externaltools.gnu-tools-for-stm32.12.3.rel1.win32_1.0.200.202406191623/tools/bin/../lib/gcc/arm-none-eabi/12.3.1/../../../../arm-none-eabi/lib/thumb/v7e-m+fp/hard\libc_nano.a(libc_a-impure.o)
                0x20000068                _impure_ptr
 .data._impure_data
                0x2000006c       0x4c E:/STM32CubeIDE_1.16.0/STM32CubeIDE/plugins/com.st.stm32cube.ide.mcu.externaltools.gnu-tools-for-stm32.12.3.rel1.win32_1.0.200.202406191623/tools/bin/../lib/gcc/arm-none-eabi/12.3.1/../../../../arm-none-eabi/lib/thumb/v7e-m+fp/hard\libc_nano.a(libc_a-impure.o)
                0x2000006c                _impure_data
 *(.RamFunc)
 *(.RamFunc*)
                0x200000b8                        . = ALIGN (0x4)
                0x200000b8                        _edata = .

.igot.plt       0x200000b8        0x0 load address 0x0800722c
 .igot.plt      0x200000b8        0x0 E:/STM32CubeIDE_1.16.0/STM32CubeIDE/plugins/com.st.stm32cube.ide.mcu.externaltools.gnu-tools-for-stm32.12.3.rel1.win32_1.0.200.202406191623/tools/bin/../lib/gcc/arm-none-eabi/12.3.1/thumb/v7e-m+fp/hard/crtbegin.o
                0x200000b8                        . = ALIGN (0x4)

.bss            0x200000b8      0x3a4 load address 0x0800722c
                0x200000b8                        _sbss = .
                0x200000b8                        __bss_start__ = _sbss
 *(.bss)
 .bss           0x200000b8       0x1c E:/STM32CubeIDE_1.16.0/STM32CubeIDE/plugins/com.st.stm32cube.ide.mcu.externaltools.gnu-tools-for-stm32.12.3.rel1.win32_1.0.200.202406191623/tools/bin/../lib/gcc/arm-none-eabi/12.3.1/thumb/v7e-m+fp/hard/crtbegin.o
 *(.bss*)
 .bss.hi2c2     0x200000d4       0x54 ./Core/Src/i2c.o
                0x200000d4                hi2c2
 .bss.receive_buff
                0x20000128       0x80 ./Core/Src/main.o
                0x20000128                receive_buff
 .bss.snaux     0x200001a8        0x1 ./Core/Src/main.o
                0x200001a8                snaux
 .bss.tmaux     0x200001a9        0x1 ./Core/Src/main.o
                0x200001a9                tmaux
 *fill*         0x200001aa        0x2 
 .bss.hspi1     0x200001ac       0x64 ./Core/Src/spi.o
                0x200001ac                hspi1
 .bss.__sbrk_heap_end
                0x20000210        0x4 ./Core/Src/sysmem.o
 .bss.htim2     0x20000214       0x4c ./Core/Src/tim.o
                0x20000214                htim2
 .bss.huart2    0x20000260       0x88 ./Core/Src/usart.o
                0x20000260                huart2
 .bss.sock_io_mode
                0x200002e8        0x2 ./Core/Src/w5500/socket.o
 .bss.sock_is_sending
                0x200002ea        0x2 ./Core/Src/w5500/socket.o
 .bss.sock_remained_size
                0x200002ec       0x10 ./Core/Src/w5500/socket.o
 .bss.sock_pack_info
                0x200002fc        0x8 ./Core/Src/w5500/socket.o
                0x200002fc                sock_pack_info
 .bss._DNS_     0x20000304        0x4 ./Core/Src/w5500/wizchip_conf.o
 .bss._DHCP_    0x20000308        0x1 ./Core/Src/w5500/wizchip_conf.o
 *fill*         0x20000309        0x3 
 .bss.uwTick    0x2000030c        0x4 ./Drivers/STM32F7xx_HAL_Driver/Src/stm32f7xx_hal.o
                0x2000030c                uwTick
 .bss.__sf      0x20000310      0x138 E:/STM32CubeIDE_1.16.0/STM32CubeIDE/plugins/com.st.stm32cube.ide.mcu.externaltools.gnu-tools-for-stm32.12.3.rel1.win32_1.0.200.202406191623/tools/bin/../lib/gcc/arm-none-eabi/12.3.1/../../../../arm-none-eabi/lib/thumb/v7e-m+fp/hard\libc_nano.a(libc_a-findfp.o)
                0x20000310                __sf
 .bss.__stdio_exit_handler
                0x20000448        0x4 E:/STM32CubeIDE_1.16.0/STM32CubeIDE/plugins/com.st.stm32cube.ide.mcu.externaltools.gnu-tools-for-stm32.12.3.rel1.win32_1.0.200.202406191623/tools/bin/../lib/gcc/arm-none-eabi/12.3.1/../../../../arm-none-eabi/lib/thumb/v7e-m+fp/hard\libc_nano.a(libc_a-findfp.o)
                0x20000448                __stdio_exit_handler
 .bss.errno     0x2000044c        0x4 E:/STM32CubeIDE_1.16.0/STM32CubeIDE/plugins/com.st.stm32cube.ide.mcu.externaltools.gnu-tools-for-stm32.12.3.rel1.win32_1.0.200.202406191623/tools/bin/../lib/gcc/arm-none-eabi/12.3.1/../../../../arm-none-eabi/lib/thumb/v7e-m+fp/hard\libc_nano.a(libc_a-reent.o)
                0x2000044c                errno
 .bss.__lock___malloc_recursive_mutex
                0x20000450        0x1 E:/STM32CubeIDE_1.16.0/STM32CubeIDE/plugins/com.st.stm32cube.ide.mcu.externaltools.gnu-tools-for-stm32.12.3.rel1.win32_1.0.200.202406191623/tools/bin/../lib/gcc/arm-none-eabi/12.3.1/../../../../arm-none-eabi/lib/thumb/v7e-m+fp/hard\libc_nano.a(libc_a-lock.o)
                0x20000450                __lock___malloc_recursive_mutex
 .bss.__lock___sfp_recursive_mutex
                0x20000451        0x1 E:/STM32CubeIDE_1.16.0/STM32CubeIDE/plugins/com.st.stm32cube.ide.mcu.externaltools.gnu-tools-for-stm32.12.3.rel1.win32_1.0.200.202406191623/tools/bin/../lib/gcc/arm-none-eabi/12.3.1/../../../../arm-none-eabi/lib/thumb/v7e-m+fp/hard\libc_nano.a(libc_a-lock.o)
                0x20000451                __lock___sfp_recursive_mutex
 *fill*         0x20000452        0x2 
 .bss.__malloc_sbrk_start
                0x20000454        0x4 E:/STM32CubeIDE_1.16.0/STM32CubeIDE/plugins/com.st.stm32cube.ide.mcu.externaltools.gnu-tools-for-stm32.12.3.rel1.win32_1.0.200.202406191623/tools/bin/../lib/gcc/arm-none-eabi/12.3.1/../../../../arm-none-eabi/lib/thumb/v7e-m+fp/hard\libc_nano.a(libc_a-mallocr.o)
                0x20000454                __malloc_sbrk_start
 .bss.__malloc_free_list
                0x20000458        0x4 E:/STM32CubeIDE_1.16.0/STM32CubeIDE/plugins/com.st.stm32cube.ide.mcu.externaltools.gnu-tools-for-stm32.12.3.rel1.win32_1.0.200.202406191623/tools/bin/../lib/gcc/arm-none-eabi/12.3.1/../../../../arm-none-eabi/lib/thumb/v7e-m+fp/hard\libc_nano.a(libc_a-mallocr.o)
                0x20000458                __malloc_free_list
 *(COMMON)
                0x2000045c                        . = ALIGN (0x4)
                0x2000045c                        _ebss = .
                0x2000045c                        __bss_end__ = _ebss

._user_heap_stack
                0x2000045c      0x604 load address 0x0800722c
                0x20000460                        . = ALIGN (0x8)
 *fill*         0x2000045c        0x4 
                [!provide]                        PROVIDE (end = .)
                0x20000460                        PROVIDE (_end = .)
                0x20000660                        . = (. + _Min_Heap_Size)
 *fill*         0x20000460      0x200 
                0x20000a60                        . = (. + _Min_Stack_Size)
 *fill*         0x20000660      0x400 
                0x20000a60                        . = ALIGN (0x8)

/DISCARD/
 libc.a(*)
 libm.a(*)
 libgcc.a(*)

.ARM.attributes
                0x00000000       0x30
 *(.ARM.attributes)
 .ARM.attributes
                0x00000000       0x22 E:/STM32CubeIDE_1.16.0/STM32CubeIDE/plugins/com.st.stm32cube.ide.mcu.externaltools.gnu-tools-for-stm32.12.3.rel1.win32_1.0.200.202406191623/tools/bin/../lib/gcc/arm-none-eabi/12.3.1/thumb/v7e-m+fp/hard/crti.o
 .ARM.attributes
                0x00000022       0x34 E:/STM32CubeIDE_1.16.0/STM32CubeIDE/plugins/com.st.stm32cube.ide.mcu.externaltools.gnu-tools-for-stm32.12.3.rel1.win32_1.0.200.202406191623/tools/bin/../lib/gcc/arm-none-eabi/12.3.1/thumb/v7e-m+fp/hard/crtbegin.o
 .ARM.attributes
                0x00000056       0x34 ./Core/Src/gpio.o
 .ARM.attributes
                0x0000008a       0x34 ./Core/Src/i2c.o
 .ARM.attributes
                0x000000be       0x34 ./Core/Src/main.o
 .ARM.attributes
                0x000000f2       0x34 ./Core/Src/spi.o
 .ARM.attributes
                0x00000126       0x34 ./Core/Src/stm32f7xx_hal_msp.o
 .ARM.attributes
                0x0000015a       0x34 ./Core/Src/stm32f7xx_it.o
 .ARM.attributes
                0x0000018e       0x34 ./Core/Src/syscalls.o
 .ARM.attributes
                0x000001c2       0x34 ./Core/Src/sysmem.o
 .ARM.attributes
                0x000001f6       0x34 ./Core/Src/system_stm32f7xx.o
 .ARM.attributes
                0x0000022a       0x34 ./Core/Src/tim.o
 .ARM.attributes
                0x0000025e       0x34 ./Core/Src/usart.o
 .ARM.attributes
                0x00000292       0x34 ./Core/Src/w5500/W5500/w5500.o
 .ARM.attributes
                0x000002c6       0x34 ./Core/Src/w5500/socket.o
 .ARM.attributes
                0x000002fa       0x34 ./Core/Src/w5500/w5500_spi.o
 .ARM.attributes
                0x0000032e       0x34 ./Core/Src/w5500/wizchip_conf.o
 .ARM.attributes
                0x00000362       0x21 ./Core/Startup/startup_stm32f746zgtx.o
 .ARM.attributes
                0x00000383       0x34 ./Drivers/STM32F7xx_HAL_Driver/Src/stm32f7xx_hal.o
 .ARM.attributes
                0x000003b7       0x34 ./Drivers/STM32F7xx_HAL_Driver/Src/stm32f7xx_hal_cortex.o
 .ARM.attributes
                0x000003eb       0x34 ./Drivers/STM32F7xx_HAL_Driver/Src/stm32f7xx_hal_gpio.o
 .ARM.attributes
                0x0000041f       0x34 ./Drivers/STM32F7xx_HAL_Driver/Src/stm32f7xx_hal_i2c.o
 .ARM.attributes
                0x00000453       0x34 ./Drivers/STM32F7xx_HAL_Driver/Src/stm32f7xx_hal_i2c_ex.o
 .ARM.attributes
                0x00000487       0x34 ./Drivers/STM32F7xx_HAL_Driver/Src/stm32f7xx_hal_rcc.o
 .ARM.attributes
                0x000004bb       0x34 ./Drivers/STM32F7xx_HAL_Driver/Src/stm32f7xx_hal_rcc_ex.o
 .ARM.attributes
                0x000004ef       0x34 ./Drivers/STM32F7xx_HAL_Driver/Src/stm32f7xx_hal_spi.o
 .ARM.attributes
                0x00000523       0x34 ./Drivers/STM32F7xx_HAL_Driver/Src/stm32f7xx_hal_tim.o
 .ARM.attributes
                0x00000557       0x34 ./Drivers/STM32F7xx_HAL_Driver/Src/stm32f7xx_hal_tim_ex.o
 .ARM.attributes
                0x0000058b       0x34 ./Drivers/STM32F7xx_HAL_Driver/Src/stm32f7xx_hal_uart.o
 .ARM.attributes
                0x000005bf       0x34 E:/STM32CubeIDE_1.16.0/STM32CubeIDE/plugins/com.st.stm32cube.ide.mcu.externaltools.gnu-tools-for-stm32.12.3.rel1.win32_1.0.200.202406191623/tools/bin/../lib/gcc/arm-none-eabi/12.3.1/../../../../arm-none-eabi/lib/thumb/v7e-m+fp/hard\libc_nano.a(libc_a-findfp.o)
 .ARM.attributes
                0x000005f3       0x34 E:/STM32CubeIDE_1.16.0/STM32CubeIDE/plugins/com.st.stm32cube.ide.mcu.externaltools.gnu-tools-for-stm32.12.3.rel1.win32_1.0.200.202406191623/tools/bin/../lib/gcc/arm-none-eabi/12.3.1/../../../../arm-none-eabi/lib/thumb/v7e-m+fp/hard\libc_nano.a(libc_a-fwalk.o)
 .ARM.attributes
                0x00000627       0x34 E:/STM32CubeIDE_1.16.0/STM32CubeIDE/plugins/com.st.stm32cube.ide.mcu.externaltools.gnu-tools-for-stm32.12.3.rel1.win32_1.0.200.202406191623/tools/bin/../lib/gcc/arm-none-eabi/12.3.1/../../../../arm-none-eabi/lib/thumb/v7e-m+fp/hard\libc_nano.a(libc_a-printf.o)
 .ARM.attributes
                0x0000065b       0x34 E:/STM32CubeIDE_1.16.0/STM32CubeIDE/plugins/com.st.stm32cube.ide.mcu.externaltools.gnu-tools-for-stm32.12.3.rel1.win32_1.0.200.202406191623/tools/bin/../lib/gcc/arm-none-eabi/12.3.1/../../../../arm-none-eabi/lib/thumb/v7e-m+fp/hard\libc_nano.a(libc_a-puts.o)
 .ARM.attributes
                0x0000068f       0x34 E:/STM32CubeIDE_1.16.0/STM32CubeIDE/plugins/com.st.stm32cube.ide.mcu.externaltools.gnu-tools-for-stm32.12.3.rel1.win32_1.0.200.202406191623/tools/bin/../lib/gcc/arm-none-eabi/12.3.1/../../../../arm-none-eabi/lib/thumb/v7e-m+fp/hard\libc_nano.a(libc_a-setbuf.o)
 .ARM.attributes
                0x000006c3       0x34 E:/STM32CubeIDE_1.16.0/STM32CubeIDE/plugins/com.st.stm32cube.ide.mcu.externaltools.gnu-tools-for-stm32.12.3.rel1.win32_1.0.200.202406191623/tools/bin/../lib/gcc/arm-none-eabi/12.3.1/../../../../arm-none-eabi/lib/thumb/v7e-m+fp/hard\libc_nano.a(libc_a-setvbuf.o)
 .ARM.attributes
                0x000006f7       0x34 E:/STM32CubeIDE_1.16.0/STM32CubeIDE/plugins/com.st.stm32cube.ide.mcu.externaltools.gnu-tools-for-stm32.12.3.rel1.win32_1.0.200.202406191623/tools/bin/../lib/gcc/arm-none-eabi/12.3.1/../../../../arm-none-eabi/lib/thumb/v7e-m+fp/hard\libc_nano.a(libc_a-stdio.o)
 .ARM.attributes
                0x0000072b       0x34 E:/STM32CubeIDE_1.16.0/STM32CubeIDE/plugins/com.st.stm32cube.ide.mcu.externaltools.gnu-tools-for-stm32.12.3.rel1.win32_1.0.200.202406191623/tools/bin/../lib/gcc/arm-none-eabi/12.3.1/../../../../arm-none-eabi/lib/thumb/v7e-m+fp/hard\libc_nano.a(libc_a-wbuf.o)
 .ARM.attributes
                0x0000075f       0x34 E:/STM32CubeIDE_1.16.0/STM32CubeIDE/plugins/com.st.stm32cube.ide.mcu.externaltools.gnu-tools-for-stm32.12.3.rel1.win32_1.0.200.202406191623/tools/bin/../lib/gcc/arm-none-eabi/12.3.1/../../../../arm-none-eabi/lib/thumb/v7e-m+fp/hard\libc_nano.a(libc_a-wsetup.o)
 .ARM.attributes
                0x00000793       0x34 E:/STM32CubeIDE_1.16.0/STM32CubeIDE/plugins/com.st.stm32cube.ide.mcu.externaltools.gnu-tools-for-stm32.12.3.rel1.win32_1.0.200.202406191623/tools/bin/../lib/gcc/arm-none-eabi/12.3.1/../../../../arm-none-eabi/lib/thumb/v7e-m+fp/hard\libc_nano.a(libc_a-memset.o)
 .ARM.attributes
                0x000007c7       0x34 E:/STM32CubeIDE_1.16.0/STM32CubeIDE/plugins/com.st.stm32cube.ide.mcu.externaltools.gnu-tools-for-stm32.12.3.rel1.win32_1.0.200.202406191623/tools/bin/../lib/gcc/arm-none-eabi/12.3.1/../../../../arm-none-eabi/lib/thumb/v7e-m+fp/hard\libc_nano.a(libc_a-closer.o)
 .ARM.attributes
                0x000007fb       0x34 E:/STM32CubeIDE_1.16.0/STM32CubeIDE/plugins/com.st.stm32cube.ide.mcu.externaltools.gnu-tools-for-stm32.12.3.rel1.win32_1.0.200.202406191623/tools/bin/../lib/gcc/arm-none-eabi/12.3.1/../../../../arm-none-eabi/lib/thumb/v7e-m+fp/hard\libc_nano.a(libc_a-reent.o)
 .ARM.attributes
                0x0000082f       0x34 E:/STM32CubeIDE_1.16.0/STM32CubeIDE/plugins/com.st.stm32cube.ide.mcu.externaltools.gnu-tools-for-stm32.12.3.rel1.win32_1.0.200.202406191623/tools/bin/../lib/gcc/arm-none-eabi/12.3.1/../../../../arm-none-eabi/lib/thumb/v7e-m+fp/hard\libc_nano.a(libc_a-impure.o)
 .ARM.attributes
                0x00000863       0x34 E:/STM32CubeIDE_1.16.0/STM32CubeIDE/plugins/com.st.stm32cube.ide.mcu.externaltools.gnu-tools-for-stm32.12.3.rel1.win32_1.0.200.202406191623/tools/bin/../lib/gcc/arm-none-eabi/12.3.1/../../../../arm-none-eabi/lib/thumb/v7e-m+fp/hard\libc_nano.a(libc_a-lseekr.o)
 .ARM.attributes
                0x00000897       0x34 E:/STM32CubeIDE_1.16.0/STM32CubeIDE/plugins/com.st.stm32cube.ide.mcu.externaltools.gnu-tools-for-stm32.12.3.rel1.win32_1.0.200.202406191623/tools/bin/../lib/gcc/arm-none-eabi/12.3.1/../../../../arm-none-eabi/lib/thumb/v7e-m+fp/hard\libc_nano.a(libc_a-readr.o)
 .ARM.attributes
                0x000008cb       0x34 E:/STM32CubeIDE_1.16.0/STM32CubeIDE/plugins/com.st.stm32cube.ide.mcu.externaltools.gnu-tools-for-stm32.12.3.rel1.win32_1.0.200.202406191623/tools/bin/../lib/gcc/arm-none-eabi/12.3.1/../../../../arm-none-eabi/lib/thumb/v7e-m+fp/hard\libc_nano.a(libc_a-writer.o)
 .ARM.attributes
                0x000008ff       0x34 E:/STM32CubeIDE_1.16.0/STM32CubeIDE/plugins/com.st.stm32cube.ide.mcu.externaltools.gnu-tools-for-stm32.12.3.rel1.win32_1.0.200.202406191623/tools/bin/../lib/gcc/arm-none-eabi/12.3.1/../../../../arm-none-eabi/lib/thumb/v7e-m+fp/hard\libc_nano.a(libc_a-errno.o)
 .ARM.attributes
                0x00000933       0x34 E:/STM32CubeIDE_1.16.0/STM32CubeIDE/plugins/com.st.stm32cube.ide.mcu.externaltools.gnu-tools-for-stm32.12.3.rel1.win32_1.0.200.202406191623/tools/bin/../lib/gcc/arm-none-eabi/12.3.1/../../../../arm-none-eabi/lib/thumb/v7e-m+fp/hard\libc_nano.a(libc_a-init.o)
 .ARM.attributes
                0x00000967       0x34 E:/STM32CubeIDE_1.16.0/STM32CubeIDE/plugins/com.st.stm32cube.ide.mcu.externaltools.gnu-tools-for-stm32.12.3.rel1.win32_1.0.200.202406191623/tools/bin/../lib/gcc/arm-none-eabi/12.3.1/../../../../arm-none-eabi/lib/thumb/v7e-m+fp/hard\libc_nano.a(libc_a-lock.o)
 .ARM.attributes
                0x0000099b       0x34 E:/STM32CubeIDE_1.16.0/STM32CubeIDE/plugins/com.st.stm32cube.ide.mcu.externaltools.gnu-tools-for-stm32.12.3.rel1.win32_1.0.200.202406191623/tools/bin/../lib/gcc/arm-none-eabi/12.3.1/../../../../arm-none-eabi/lib/thumb/v7e-m+fp/hard\libc_nano.a(libc_a-freer.o)
 .ARM.attributes
                0x000009cf       0x34 E:/STM32CubeIDE_1.16.0/STM32CubeIDE/plugins/com.st.stm32cube.ide.mcu.externaltools.gnu-tools-for-stm32.12.3.rel1.win32_1.0.200.202406191623/tools/bin/../lib/gcc/arm-none-eabi/12.3.1/../../../../arm-none-eabi/lib/thumb/v7e-m+fp/hard\libc_nano.a(libc_a-malloc.o)
 .ARM.attributes
                0x00000a03       0x34 E:/STM32CubeIDE_1.16.0/STM32CubeIDE/plugins/com.st.stm32cube.ide.mcu.externaltools.gnu-tools-for-stm32.12.3.rel1.win32_1.0.200.202406191623/tools/bin/../lib/gcc/arm-none-eabi/12.3.1/../../../../arm-none-eabi/lib/thumb/v7e-m+fp/hard\libc_nano.a(libc_a-mallocr.o)
 .ARM.attributes
                0x00000a37       0x34 E:/STM32CubeIDE_1.16.0/STM32CubeIDE/plugins/com.st.stm32cube.ide.mcu.externaltools.gnu-tools-for-stm32.12.3.rel1.win32_1.0.200.202406191623/tools/bin/../lib/gcc/arm-none-eabi/12.3.1/../../../../arm-none-eabi/lib/thumb/v7e-m+fp/hard\libc_nano.a(libc_a-mlock.o)
 .ARM.attributes
                0x00000a6b       0x34 E:/STM32CubeIDE_1.16.0/STM32CubeIDE/plugins/com.st.stm32cube.ide.mcu.externaltools.gnu-tools-for-stm32.12.3.rel1.win32_1.0.200.202406191623/tools/bin/../lib/gcc/arm-none-eabi/12.3.1/../../../../arm-none-eabi/lib/thumb/v7e-m+fp/hard\libc_nano.a(libc_a-nano-vfprintf.o)
 .ARM.attributes
                0x00000a9f       0x34 E:/STM32CubeIDE_1.16.0/STM32CubeIDE/plugins/com.st.stm32cube.ide.mcu.externaltools.gnu-tools-for-stm32.12.3.rel1.win32_1.0.200.202406191623/tools/bin/../lib/gcc/arm-none-eabi/12.3.1/../../../../arm-none-eabi/lib/thumb/v7e-m+fp/hard\libc_nano.a(libc_a-nano-vfprintf_i.o)
 .ARM.attributes
                0x00000ad3       0x34 E:/STM32CubeIDE_1.16.0/STM32CubeIDE/plugins/com.st.stm32cube.ide.mcu.externaltools.gnu-tools-for-stm32.12.3.rel1.win32_1.0.200.202406191623/tools/bin/../lib/gcc/arm-none-eabi/12.3.1/../../../../arm-none-eabi/lib/thumb/v7e-m+fp/hard\libc_nano.a(libc_a-fflush.o)
 .ARM.attributes
                0x00000b07       0x34 E:/STM32CubeIDE_1.16.0/STM32CubeIDE/plugins/com.st.stm32cube.ide.mcu.externaltools.gnu-tools-for-stm32.12.3.rel1.win32_1.0.200.202406191623/tools/bin/../lib/gcc/arm-none-eabi/12.3.1/../../../../arm-none-eabi/lib/thumb/v7e-m+fp/hard\libc_nano.a(libc_a-makebuf.o)
 .ARM.attributes
                0x00000b3b       0x34 E:/STM32CubeIDE_1.16.0/STM32CubeIDE/plugins/com.st.stm32cube.ide.mcu.externaltools.gnu-tools-for-stm32.12.3.rel1.win32_1.0.200.202406191623/tools/bin/../lib/gcc/arm-none-eabi/12.3.1/../../../../arm-none-eabi/lib/thumb/v7e-m+fp/hard\libc_nano.a(libc_a-fstatr.o)
 .ARM.attributes
                0x00000b6f       0x34 E:/STM32CubeIDE_1.16.0/STM32CubeIDE/plugins/com.st.stm32cube.ide.mcu.externaltools.gnu-tools-for-stm32.12.3.rel1.win32_1.0.200.202406191623/tools/bin/../lib/gcc/arm-none-eabi/12.3.1/../../../../arm-none-eabi/lib/thumb/v7e-m+fp/hard\libc_nano.a(libc_a-isattyr.o)
 .ARM.attributes
                0x00000ba3       0x34 E:/STM32CubeIDE_1.16.0/STM32CubeIDE/plugins/com.st.stm32cube.ide.mcu.externaltools.gnu-tools-for-stm32.12.3.rel1.win32_1.0.200.202406191623/tools/bin/../lib/gcc/arm-none-eabi/12.3.1/../../../../arm-none-eabi/lib/thumb/v7e-m+fp/hard\libc_nano.a(libc_a-sbrkr.o)
 .ARM.attributes
                0x00000bd7       0x1c E:/STM32CubeIDE_1.16.0/STM32CubeIDE/plugins/com.st.stm32cube.ide.mcu.externaltools.gnu-tools-for-stm32.12.3.rel1.win32_1.0.200.202406191623/tools/bin/../lib/gcc/arm-none-eabi/12.3.1/../../../../arm-none-eabi/lib/thumb/v7e-m+fp/hard\libc_nano.a(libc_a-memchr.o)
 .ARM.attributes
                0x00000bf3       0x22 E:/STM32CubeIDE_1.16.0/STM32CubeIDE/plugins/com.st.stm32cube.ide.mcu.externaltools.gnu-tools-for-stm32.12.3.rel1.win32_1.0.200.202406191623/tools/bin/../lib/gcc/arm-none-eabi/12.3.1/thumb/v7e-m+fp/hard\libgcc.a(_aeabi_uldivmod.o)
 .ARM.attributes
                0x00000c15       0x34 E:/STM32CubeIDE_1.16.0/STM32CubeIDE/plugins/com.st.stm32cube.ide.mcu.externaltools.gnu-tools-for-stm32.12.3.rel1.win32_1.0.200.202406191623/tools/bin/../lib/gcc/arm-none-eabi/12.3.1/thumb/v7e-m+fp/hard\libgcc.a(_udivmoddi4.o)
 .ARM.attributes
                0x00000c49       0x22 E:/STM32CubeIDE_1.16.0/STM32CubeIDE/plugins/com.st.stm32cube.ide.mcu.externaltools.gnu-tools-for-stm32.12.3.rel1.win32_1.0.200.202406191623/tools/bin/../lib/gcc/arm-none-eabi/12.3.1/thumb/v7e-m+fp/hard\libgcc.a(_dvmd_tls.o)
 .ARM.attributes
                0x00000c6b       0x22 E:/STM32CubeIDE_1.16.0/STM32CubeIDE/plugins/com.st.stm32cube.ide.mcu.externaltools.gnu-tools-for-stm32.12.3.rel1.win32_1.0.200.202406191623/tools/bin/../lib/gcc/arm-none-eabi/12.3.1/thumb/v7e-m+fp/hard/crtn.o
OUTPUT(TCC_W5500.elf elf32-littlearm)
LOAD linker stubs
LOAD E:/STM32CubeIDE_1.16.0/STM32CubeIDE/plugins/com.st.stm32cube.ide.mcu.externaltools.gnu-tools-for-stm32.12.3.rel1.win32_1.0.200.202406191623/tools/bin/../lib/gcc/arm-none-eabi/12.3.1/../../../../arm-none-eabi/lib/thumb/v7e-m+fp/hard\libc.a
LOAD E:/STM32CubeIDE_1.16.0/STM32CubeIDE/plugins/com.st.stm32cube.ide.mcu.externaltools.gnu-tools-for-stm32.12.3.rel1.win32_1.0.200.202406191623/tools/bin/../lib/gcc/arm-none-eabi/12.3.1/../../../../arm-none-eabi/lib/thumb/v7e-m+fp/hard\libm.a
LOAD E:/STM32CubeIDE_1.16.0/STM32CubeIDE/plugins/com.st.stm32cube.ide.mcu.externaltools.gnu-tools-for-stm32.12.3.rel1.win32_1.0.200.202406191623/tools/bin/../lib/gcc/arm-none-eabi/12.3.1/thumb/v7e-m+fp/hard\libgcc.a

.debug_info     0x00000000    0x177a4
 .debug_info    0x00000000      0x465 ./Core/Src/gpio.o
 .debug_info    0x00000465      0xc23 ./Core/Src/i2c.o
 .debug_info    0x00001088     0x1e3a ./Core/Src/main.o
 .debug_info    0x00002ec2      0x98e ./Core/Src/spi.o
 .debug_info    0x00003850      0x28d ./Core/Src/stm32f7xx_hal_msp.o
 .debug_info    0x00003add      0x72c ./Core/Src/stm32f7xx_it.o
 .debug_info    0x00004209      0x6a3 ./Core/Src/syscalls.o
 .debug_info    0x000048ac      0x168 ./Core/Src/sysmem.o
 .debug_info    0x00004a14      0x6ed ./Core/Src/system_stm32f7xx.o
 .debug_info    0x00005101      0xce5 ./Core/Src/tim.o
 .debug_info    0x00005de6      0xc5a ./Core/Src/usart.o
 .debug_info    0x00006a40      0x539 ./Core/Src/w5500/W5500/w5500.o
 .debug_info    0x00006f79      0x727 ./Core/Src/w5500/socket.o
 .debug_info    0x000076a0      0x941 ./Core/Src/w5500/w5500_spi.o
 .debug_info    0x00007fe1      0xc76 ./Core/Src/w5500/wizchip_conf.o
 .debug_info    0x00008c57       0x30 ./Core/Startup/startup_stm32f746zgtx.o
 .debug_info    0x00008c87      0x9d8 ./Drivers/STM32F7xx_HAL_Driver/Src/stm32f7xx_hal.o
 .debug_info    0x0000965f      0xf7e ./Drivers/STM32F7xx_HAL_Driver/Src/stm32f7xx_hal_cortex.o
 .debug_info    0x0000a5dd      0x6e7 ./Drivers/STM32F7xx_HAL_Driver/Src/stm32f7xx_hal_gpio.o
 .debug_info    0x0000acc4     0x2138 ./Drivers/STM32F7xx_HAL_Driver/Src/stm32f7xx_hal_i2c.o
 .debug_info    0x0000cdfc      0x922 ./Drivers/STM32F7xx_HAL_Driver/Src/stm32f7xx_hal_i2c_ex.o
 .debug_info    0x0000d71e      0x8dc ./Drivers/STM32F7xx_HAL_Driver/Src/stm32f7xx_hal_rcc.o
 .debug_info    0x0000dffa      0x6bd ./Drivers/STM32F7xx_HAL_Driver/Src/stm32f7xx_hal_rcc_ex.o
 .debug_info    0x0000e6b7     0x169b ./Drivers/STM32F7xx_HAL_Driver/Src/stm32f7xx_hal_spi.o
 .debug_info    0x0000fd52     0x2abd ./Drivers/STM32F7xx_HAL_Driver/Src/stm32f7xx_hal_tim.o
 .debug_info    0x0001280f     0x15bb ./Drivers/STM32F7xx_HAL_Driver/Src/stm32f7xx_hal_tim_ex.o
 .debug_info    0x00013dca     0x39da ./Drivers/STM32F7xx_HAL_Driver/Src/stm32f7xx_hal_uart.o

.debug_abbrev   0x00000000     0x365d
 .debug_abbrev  0x00000000      0x152 ./Core/Src/gpio.o
 .debug_abbrev  0x00000152      0x217 ./Core/Src/i2c.o
 .debug_abbrev  0x00000369      0x3cc ./Core/Src/main.o
 .debug_abbrev  0x00000735      0x1f3 ./Core/Src/spi.o
 .debug_abbrev  0x00000928       0xd8 ./Core/Src/stm32f7xx_hal_msp.o
 .debug_abbrev  0x00000a00      0x192 ./Core/Src/stm32f7xx_it.o
 .debug_abbrev  0x00000b92      0x1b6 ./Core/Src/syscalls.o
 .debug_abbrev  0x00000d48       0xbc ./Core/Src/sysmem.o
 .debug_abbrev  0x00000e04      0x13b ./Core/Src/system_stm32f7xx.o
 .debug_abbrev  0x00000f3f      0x1f7 ./Core/Src/tim.o
 .debug_abbrev  0x00001136      0x1f9 ./Core/Src/usart.o
 .debug_abbrev  0x0000132f      0x21f ./Core/Src/w5500/W5500/w5500.o
 .debug_abbrev  0x0000154e      0x1c1 ./Core/Src/w5500/socket.o
 .debug_abbrev  0x0000170f      0x26d ./Core/Src/w5500/w5500_spi.o
 .debug_abbrev  0x0000197c      0x321 ./Core/Src/w5500/wizchip_conf.o
 .debug_abbrev  0x00001c9d       0x24 ./Core/Startup/startup_stm32f746zgtx.o
 .debug_abbrev  0x00001cc1      0x213 ./Drivers/STM32F7xx_HAL_Driver/Src/stm32f7xx_hal.o
 .debug_abbrev  0x00001ed4      0x31e ./Drivers/STM32F7xx_HAL_Driver/Src/stm32f7xx_hal_cortex.o
 .debug_abbrev  0x000021f2      0x1d4 ./Drivers/STM32F7xx_HAL_Driver/Src/stm32f7xx_hal_gpio.o
 .debug_abbrev  0x000023c6      0x260 ./Drivers/STM32F7xx_HAL_Driver/Src/stm32f7xx_hal_i2c.o
 .debug_abbrev  0x00002626      0x19c ./Drivers/STM32F7xx_HAL_Driver/Src/stm32f7xx_hal_i2c_ex.o
 .debug_abbrev  0x000027c2      0x288 ./Drivers/STM32F7xx_HAL_Driver/Src/stm32f7xx_hal_rcc.o
 .debug_abbrev  0x00002a4a      0x1c9 ./Drivers/STM32F7xx_HAL_Driver/Src/stm32f7xx_hal_rcc_ex.o
 .debug_abbrev  0x00002c13      0x269 ./Drivers/STM32F7xx_HAL_Driver/Src/stm32f7xx_hal_spi.o
 .debug_abbrev  0x00002e7c      0x278 ./Drivers/STM32F7xx_HAL_Driver/Src/stm32f7xx_hal_tim.o
 .debug_abbrev  0x000030f4      0x283 ./Drivers/STM32F7xx_HAL_Driver/Src/stm32f7xx_hal_tim_ex.o
 .debug_abbrev  0x00003377      0x2e6 ./Drivers/STM32F7xx_HAL_Driver/Src/stm32f7xx_hal_uart.o

.debug_aranges  0x00000000     0x14d0
 .debug_aranges
                0x00000000       0x20 ./Core/Src/gpio.o
 .debug_aranges
                0x00000020       0x30 ./Core/Src/i2c.o
 .debug_aranges
                0x00000050       0x60 ./Core/Src/main.o
 .debug_aranges
                0x000000b0       0x30 ./Core/Src/spi.o
 .debug_aranges
                0x000000e0       0x20 ./Core/Src/stm32f7xx_hal_msp.o
 .debug_aranges
                0x00000100       0x68 ./Core/Src/stm32f7xx_it.o
 .debug_aranges
                0x00000168       0xa8 ./Core/Src/syscalls.o
 .debug_aranges
                0x00000210       0x20 ./Core/Src/sysmem.o
 .debug_aranges
                0x00000230       0x28 ./Core/Src/system_stm32f7xx.o
 .debug_aranges
                0x00000258       0x30 ./Core/Src/tim.o
 .debug_aranges
                0x00000288       0x30 ./Core/Src/usart.o
 .debug_aranges
                0x000002b8       0x60 ./Core/Src/w5500/W5500/w5500.o
 .debug_aranges
                0x00000318       0x78 ./Core/Src/w5500/socket.o
 .debug_aranges
                0x00000390       0x58 ./Core/Src/w5500/w5500_spi.o
 .debug_aranges
                0x000003e8      0x138 ./Core/Src/w5500/wizchip_conf.o
 .debug_aranges
                0x00000520       0x28 ./Core/Startup/startup_stm32f746zgtx.o
 .debug_aranges
                0x00000548      0x100 ./Drivers/STM32F7xx_HAL_Driver/Src/stm32f7xx_hal.o
 .debug_aranges
                0x00000648      0x128 ./Drivers/STM32F7xx_HAL_Driver/Src/stm32f7xx_hal_cortex.o
 .debug_aranges
                0x00000770       0x58 ./Drivers/STM32F7xx_HAL_Driver/Src/stm32f7xx_hal_gpio.o
 .debug_aranges
                0x000007c8      0x2a0 ./Drivers/STM32F7xx_HAL_Driver/Src/stm32f7xx_hal_i2c.o
 .debug_aranges
                0x00000a68       0x38 ./Drivers/STM32F7xx_HAL_Driver/Src/stm32f7xx_hal_i2c_ex.o
 .debug_aranges
                0x00000aa0       0x88 ./Drivers/STM32F7xx_HAL_Driver/Src/stm32f7xx_hal_rcc.o
 .debug_aranges
                0x00000b28       0x50 ./Drivers/STM32F7xx_HAL_Driver/Src/stm32f7xx_hal_rcc_ex.o
 .debug_aranges
                0x00000b78      0x1d8 ./Drivers/STM32F7xx_HAL_Driver/Src/stm32f7xx_hal_spi.o
 .debug_aranges
                0x00000d50      0x3e0 ./Drivers/STM32F7xx_HAL_Driver/Src/stm32f7xx_hal_tim.o
 .debug_aranges
                0x00001130      0x178 ./Drivers/STM32F7xx_HAL_Driver/Src/stm32f7xx_hal_tim_ex.o
 .debug_aranges
                0x000012a8      0x228 ./Drivers/STM32F7xx_HAL_Driver/Src/stm32f7xx_hal_uart.o

.debug_rnglists
                0x00000000     0x104c
 .debug_rnglists
                0x00000000       0x14 ./Core/Src/gpio.o
 .debug_rnglists
                0x00000014       0x21 ./Core/Src/i2c.o
 .debug_rnglists
                0x00000035       0x47 ./Core/Src/main.o
 .debug_rnglists
                0x0000007c       0x20 ./Core/Src/spi.o
 .debug_rnglists
                0x0000009c       0x13 ./Core/Src/stm32f7xx_hal_msp.o
 .debug_rnglists
                0x000000af       0x49 ./Core/Src/stm32f7xx_it.o
 .debug_rnglists
                0x000000f8       0x79 ./Core/Src/syscalls.o
 .debug_rnglists
                0x00000171       0x13 ./Core/Src/sysmem.o
 .debug_rnglists
                0x00000184       0x1a ./Core/Src/system_stm32f7xx.o
 .debug_rnglists
                0x0000019e       0x20 ./Core/Src/tim.o
 .debug_rnglists
                0x000001be       0x20 ./Core/Src/usart.o
 .debug_rnglists
                0x000001de       0x4c ./Core/Src/w5500/W5500/w5500.o
 .debug_rnglists
                0x0000022a       0x6d ./Core/Src/w5500/socket.o
 .debug_rnglists
                0x00000297       0x3e ./Core/Src/w5500/w5500_spi.o
 .debug_rnglists
                0x000002d5       0xed ./Core/Src/w5500/wizchip_conf.o
 .debug_rnglists
                0x000003c2       0x19 ./Core/Startup/startup_stm32f746zgtx.o
 .debug_rnglists
                0x000003db       0xbb ./Drivers/STM32F7xx_HAL_Driver/Src/stm32f7xx_hal.o
 .debug_rnglists
                0x00000496       0xda ./Drivers/STM32F7xx_HAL_Driver/Src/stm32f7xx_hal_cortex.o
 .debug_rnglists
                0x00000570       0x3f ./Drivers/STM32F7xx_HAL_Driver/Src/stm32f7xx_hal_gpio.o
 .debug_rnglists
                0x000005af      0x228 ./Drivers/STM32F7xx_HAL_Driver/Src/stm32f7xx_hal_i2c.o
 .debug_rnglists
                0x000007d7       0x27 ./Drivers/STM32F7xx_HAL_Driver/Src/stm32f7xx_hal_i2c_ex.o
 .debug_rnglists
                0x000007fe       0x67 ./Drivers/STM32F7xx_HAL_Driver/Src/stm32f7xx_hal_rcc.o
 .debug_rnglists
                0x00000865       0x3c ./Drivers/STM32F7xx_HAL_Driver/Src/stm32f7xx_hal_rcc_ex.o
 .debug_rnglists
                0x000008a1      0x178 ./Drivers/STM32F7xx_HAL_Driver/Src/stm32f7xx_hal_spi.o
 .debug_rnglists
                0x00000a19      0x328 ./Drivers/STM32F7xx_HAL_Driver/Src/stm32f7xx_hal_tim.o
 .debug_rnglists
                0x00000d41      0x131 ./Drivers/STM32F7xx_HAL_Driver/Src/stm32f7xx_hal_tim_ex.o
 .debug_rnglists
                0x00000e72      0x1da ./Drivers/STM32F7xx_HAL_Driver/Src/stm32f7xx_hal_uart.o

.debug_macro    0x00000000     0x517b
 .debug_macro   0x00000000      0x210 ./Core/Src/gpio.o
 .debug_macro   0x00000210      0x210 ./Core/Src/i2c.o
 .debug_macro   0x00000420      0x38f ./Core/Src/main.o
 .debug_macro   0x000007af       0x61 ./Core/Src/main.o
 .debug_macro   0x00000810       0x2a ./Core/Src/main.o
 .debug_macro   0x0000083a       0x43 ./Core/Src/main.o
 .debug_macro   0x0000087d       0x34 ./Core/Src/main.o
 .debug_macro   0x000008b1       0x16 ./Core/Src/main.o
 .debug_macro   0x000008c7       0x35 ./Core/Src/main.o
 .debug_macro   0x000008fc      0x369 ./Core/Src/main.o
 .debug_macro   0x00000c65       0x10 ./Core/Src/main.o
 .debug_macro   0x00000c75       0x16 ./Core/Src/main.o
 .debug_macro   0x00000c8b       0x43 ./Core/Src/main.o
 .debug_macro   0x00000cce       0x34 ./Core/Src/main.o
 .debug_macro   0x00000d02       0x10 ./Core/Src/main.o
 .debug_macro   0x00000d12       0x58 ./Core/Src/main.o
 .debug_macro   0x00000d6a       0x8e ./Core/Src/main.o
 .debug_macro   0x00000df8       0x1c ./Core/Src/main.o
 .debug_macro   0x00000e14      0x177 ./Core/Src/main.o
 .debug_macro   0x00000f8b       0x16 ./Core/Src/main.o
 .debug_macro   0x00000fa1       0x16 ./Core/Src/main.o
 .debug_macro   0x00000fb7      0x146 ./Core/Src/main.o
 .debug_macro   0x000010fd       0x16 ./Core/Src/main.o
 .debug_macro   0x00001113       0x20 ./Core/Src/main.o
 .debug_macro   0x00001133       0x6c ./Core/Src/main.o
 .debug_macro   0x0000119f      0x5e7 ./Core/Src/main.o
 .debug_macro   0x00001786       0x66 ./Core/Src/main.o
 .debug_macro   0x000017ec       0xd8 ./Core/Src/main.o
 .debug_macro   0x000018c4      0x210 ./Core/Src/spi.o
 .debug_macro   0x00001ad4      0x206 ./Core/Src/stm32f7xx_hal_msp.o
 .debug_macro   0x00001cda      0x210 ./Core/Src/stm32f7xx_it.o
 .debug_macro   0x00001eea      0x274 ./Core/Src/syscalls.o